0 verbose cli /data/data/com.termux/files/usr/bin/node /data/data/com.termux/files/usr/lib/node_modules/npm/bin/npm-cli.js
1 info using npm@11.20.0
2 info using node@v26.4.0
3 silly config load:file:/data/data/com.termux/files/usr/lib/node_modules/npm/npmrc
4 silly config load:file:/data/data/com.termux/files/home/.npmrc
5 silly config load:file:/data/data/com.termux/files/usr/etc/npmrc
6 verbose title npm exec localtunnel --port 3000 --open false
7 verbose argv "exec" "--" "localtunnel" "--port" "3000" "--open" "false"
8 verbose logfile logs-max:10 dir:/data/data/com.termux/files/home/.npm/_logs/2026-10-07T21_56_40_042Z-
9 verbose logfile /data/data/com.termux/files/home/.npm/_logs/2026-10-07T21_56_40_042Z-debug-0.log
10 silly logfile start cleaning logs, removing 1 files
11 silly logfile done cleaning log files
12 silly packumentCache heap:1174405120 maxSize:293601280 maxEntrySize:146800640
13 http fetch GET 200 https://registry.npmjs.org/localtunnel 494ms (cache revalidated)
14 silly packumentCache heap:1174405120 maxSize:293601280 maxEntrySize:146800640
15 silly packumentCache heap:1174405120 maxSize:293601280 maxEntrySize:146800640
16 verbose cwd /data/data/com.termux/files/home
17 verbose os Linux 6.12.38-android16-5-gb575a0b6e647-ab14355190-4k
18 verbose node v26.4.0
19 verbose npm  v11.20.0
20 verbose exit 1
21 verbose code 1
