0 verbose cli /data/data/com.termux/files/usr/bin/node /data/data/com.termux/files/usr/bin/npm
1 info using npm@11.20.0
2 info using node@v26.4.0
3 silly config load:file:/data/data/com.termux/files/usr/lib/node_modules/npm/npmrc
4 silly config load:file:/data/data/com.termux/files/home/dashboard-store/.npmrc
5 silly config load:file:/data/data/com.termux/files/home/.npmrc
6 silly config load:file:/data/data/com.termux/files/usr/etc/npmrc
7 verbose title npm install express body-parser
8 verbose argv "install" "express" "body-parser"
9 verbose logfile logs-max:10 dir:/data/data/com.termux/files/home/.npm/_logs/2026-10-06T19_58_17_445Z-
10 verbose logfile /data/data/com.termux/files/home/.npm/_logs/2026-10-06T19_58_17_445Z-debug-0.log
11 silly logfile start cleaning logs, removing 1 files
12 silly logfile done cleaning log files
13 silly packumentCache heap:1174405120 maxSize:293601280 maxEntrySize:146800640
14 silly idealTree buildDeps
15 silly fetch manifest express@*
16 silly packumentCache full:https://registry.npmjs.org/express cache-miss
17 http fetch GET 200 https://registry.npmjs.org/express 438ms (cache revalidated)
18 silly packumentCache full:https://registry.npmjs.org/express set size:808998 disposed:false
19 silly fetch manifest body-parser@*
20 silly packumentCache full:https://registry.npmjs.org/body-parser cache-miss
21 http fetch GET 200 https://registry.npmjs.org/body-parser 100ms (cache revalidated)
22 silly packumentCache full:https://registry.npmjs.org/body-parser set size:207391 disposed:false
23 silly placeDep ROOT body-parser@2.3.0 OK for: dashboard-store@1.0.0 want: *
24 silly placeDep ROOT express@5.2.1 OK for: dashboard-store@1.0.0 want: *
25 silly fetch manifest qs@^6.15.2
26 silly packumentCache full:https://registry.npmjs.org/qs cache-miss
27 silly fetch manifest bytes@^3.1.2
28 silly packumentCache full:https://registry.npmjs.org/bytes cache-miss
29 silly fetch manifest debug@^4.4.3
30 silly packumentCache full:https://registry.npmjs.org/debug cache-miss
31 silly fetch manifest type-is@^2.1.0
32 silly packumentCache full:https://registry.npmjs.org/type-is cache-miss
33 silly fetch manifest raw-body@^3.0.2
34 silly packumentCache full:https://registry.npmjs.org/raw-body cache-miss
35 silly fetch manifest iconv-lite@^0.7.2
36 silly packumentCache full:https://registry.npmjs.org/iconv-lite cache-miss
37 silly fetch manifest http-errors@^2.0.1
38 silly packumentCache full:https://registry.npmjs.org/http-errors cache-miss
39 http fetch GET 200 https://registry.npmjs.org/qs 149ms (cache revalidated)
40 silly packumentCache full:https://registry.npmjs.org/qs set size:365613 disposed:false
41 silly fetch manifest on-finished@^2.4.1
42 silly packumentCache full:https://registry.npmjs.org/on-finished cache-miss
43 http fetch GET 200 https://registry.npmjs.org/type-is 358ms (cache revalidated)
44 silly packumentCache full:https://registry.npmjs.org/type-is set size:90391 disposed:false
45 silly fetch manifest content-type@^2.0.0
46 silly packumentCache full:https://registry.npmjs.org/content-type cache-miss
47 http fetch GET 200 https://registry.npmjs.org/debug 372ms (cache revalidated)
48 silly packumentCache full:https://registry.npmjs.org/debug set size:195840 disposed:false
49 silly fetch manifest qs@^6.14.0
50 silly packumentCache full:https://registry.npmjs.org/qs cache-hit
51 silly fetch manifest depd@^2.0.0
52 silly packumentCache full:https://registry.npmjs.org/depd cache-miss
53 http fetch GET 200 https://registry.npmjs.org/on-finished 217ms (cache revalidated)
54 silly packumentCache full:https://registry.npmjs.org/on-finished set size:23212 disposed:false
55 silly fetch manifest etag@^1.8.1
56 silly packumentCache full:https://registry.npmjs.org/etag cache-miss
57 http fetch GET 200 https://registry.npmjs.org/iconv-lite 389ms (cache revalidated)
58 silly packumentCache full:https://registry.npmjs.org/iconv-lite set size:126462 disposed:false
59 silly fetch manifest once@^1.4.0
60 silly packumentCache full:https://registry.npmjs.org/once cache-miss
61 http fetch GET 200 https://registry.npmjs.org/bytes 409ms (cache revalidated)
62 silly packumentCache full:https://registry.npmjs.org/bytes set size:37018 disposed:false
63 silly fetch manifest send@^1.1.0
64 silly packumentCache full:https://registry.npmjs.org/send cache-miss
65 http fetch GET 200 https://registry.npmjs.org/http-errors 406ms (cache revalidated)
66 silly packumentCache full:https://registry.npmjs.org/http-errors set size:71987 disposed:false
67 silly fetch manifest vary@^1.1.2
68 silly packumentCache full:https://registry.npmjs.org/vary cache-miss
69 http fetch GET 200 https://registry.npmjs.org/raw-body 419ms (cache revalidated)
70 silly packumentCache full:https://registry.npmjs.org/raw-body set size:120042 disposed:false
71 silly fetch manifest debug@^4.4.0
72 silly packumentCache full:https://registry.npmjs.org/debug cache-hit
73 silly fetch manifest fresh@^2.0.0
74 silly packumentCache full:https://registry.npmjs.org/fresh cache-miss
75 http fetch GET 200 https://registry.npmjs.org/vary 109ms (cache revalidated)
76 silly packumentCache full:https://registry.npmjs.org/vary set size:15994 disposed:false
77 silly fetch manifest cookie@^0.7.1
78 silly packumentCache full:https://registry.npmjs.org/cookie cache-miss
79 http fetch GET 200 https://registry.npmjs.org/content-type 167ms (cache revalidated)
80 silly packumentCache full:https://registry.npmjs.org/content-type set size:29578 disposed:false
81 silly fetch manifest router@^2.2.0
82 silly packumentCache full:https://registry.npmjs.org/router cache-miss
83 http fetch GET 200 https://registry.npmjs.org/send 131ms (cache revalidated)
84 silly packumentCache full:https://registry.npmjs.org/send set size:152810 disposed:false
85 silly fetch manifest accepts@^2.0.0
86 silly packumentCache full:https://registry.npmjs.org/accepts cache-miss
87 http fetch GET 200 https://registry.npmjs.org/once 166ms (cache miss)
88 silly packumentCache full:https://registry.npmjs.org/once set size:undefined disposed:false
89 silly fetch manifest type-is@^2.0.1
90 silly packumentCache full:https://registry.npmjs.org/type-is cache-hit
91 silly fetch manifest parseurl@^1.3.3
92 silly packumentCache full:https://registry.npmjs.org/parseurl cache-miss
93 http fetch GET 200 https://registry.npmjs.org/depd 196ms (cache revalidated)
94 silly packumentCache full:https://registry.npmjs.org/depd set size:40182 disposed:false
95 silly fetch manifest statuses@^2.0.1
96 silly packumentCache full:https://registry.npmjs.org/statuses cache-miss
97 http fetch GET 200 https://registry.npmjs.org/etag 197ms (cache revalidated)
98 silly packumentCache full:https://registry.npmjs.org/etag set size:30032 disposed:false
99 silly fetch manifest encodeurl@^2.0.0
100 silly packumentCache full:https://registry.npmjs.org/encodeurl cache-miss
101 http fetch GET 200 https://registry.npmjs.org/fresh 165ms (cache revalidated)
102 silly packumentCache full:https://registry.npmjs.org/fresh set size:25427 disposed:false
103 silly fetch manifest mime-types@^3.0.0
104 silly packumentCache full:https://registry.npmjs.org/mime-types cache-miss
105 http fetch GET 200 https://registry.npmjs.org/router 151ms (cache miss)
106 silly packumentCache full:https://registry.npmjs.org/router set size:undefined disposed:false
107 silly fetch manifest proxy-addr@^2.0.7
108 silly packumentCache full:https://registry.npmjs.org/proxy-addr cache-miss
109 http fetch GET 200 https://registry.npmjs.org/accepts 170ms (cache revalidated)
110 silly packumentCache full:https://registry.npmjs.org/accepts set size:77054 disposed:false
111 silly fetch manifest escape-html@^1.0.3
112 silly packumentCache full:https://registry.npmjs.org/escape-html cache-miss
113 http fetch GET 200 https://registry.npmjs.org/cookie 202ms (cache revalidated)
114 silly packumentCache full:https://registry.npmjs.org/cookie set size:78274 disposed:false
115 silly fetch manifest http-errors@^2.0.0
116 silly packumentCache full:https://registry.npmjs.org/http-errors cache-hit
117 silly fetch manifest content-type@^1.0.5
118 silly packumentCache full:https://registry.npmjs.org/content-type cache-hit
119 silly fetch manifest finalhandler@^2.1.0
120 silly packumentCache full:https://registry.npmjs.org/finalhandler cache-miss
121 http fetch GET 200 https://registry.npmjs.org/statuses 161ms (cache revalidated)
122 silly packumentCache full:https://registry.npmjs.org/statuses set size:37117 disposed:false
123 silly fetch manifest range-parser@^1.2.1
124 silly packumentCache full:https://registry.npmjs.org/range-parser cache-miss
125 http fetch GET 200 https://registry.npmjs.org/parseurl 181ms (cache revalidated)
126 silly packumentCache full:https://registry.npmjs.org/parseurl set size:24148 disposed:false
127 silly fetch manifest serve-static@^2.2.0
128 silly packumentCache full:https://registry.npmjs.org/serve-static cache-miss
129 http fetch GET 200 https://registry.npmjs.org/encodeurl 172ms (cache revalidated)
130 silly packumentCache full:https://registry.npmjs.org/encodeurl set size:12296 disposed:false
131 silly fetch manifest cookie-signature@^1.2.1
132 silly packumentCache full:https://registry.npmjs.org/cookie-signature cache-miss
133 http fetch GET 200 https://registry.npmjs.org/mime-types 168ms (cache revalidated)
134 silly packumentCache full:https://registry.npmjs.org/mime-types set size:139110 disposed:false
135 silly fetch manifest merge-descriptors@^2.0.0
136 silly packumentCache full:https://registry.npmjs.org/merge-descriptors cache-miss
137 http fetch GET 200 https://registry.npmjs.org/proxy-addr 186ms (cache revalidated)
138 silly packumentCache full:https://registry.npmjs.org/proxy-addr set size:64125 disposed:false
139 silly fetch manifest content-disposition@^1.0.0
140 silly packumentCache full:https://registry.npmjs.org/content-disposition cache-miss
141 http fetch GET 200 https://registry.npmjs.org/escape-html 161ms (cache revalidated)
142 silly packumentCache full:https://registry.npmjs.org/escape-html set size:7345 disposed:false
143 http fetch GET 200 https://registry.npmjs.org/range-parser 143ms (cache revalidated)
144 silly packumentCache full:https://registry.npmjs.org/range-parser set size:24852 disposed:false
145 http fetch GET 200 https://registry.npmjs.org/finalhandler 155ms (cache revalidated)
146 silly packumentCache full:https://registry.npmjs.org/finalhandler set size:79291 disposed:false
147 http fetch GET 200 https://registry.npmjs.org/serve-static 148ms (cache revalidated)
148 silly packumentCache full:https://registry.npmjs.org/serve-static set size:150391 disposed:false
149 http fetch GET 200 https://registry.npmjs.org/cookie-signature 149ms (cache revalidated)
150 silly packumentCache full:https://registry.npmjs.org/cookie-signature set size:21777 disposed:false
151 http fetch GET 200 https://registry.npmjs.org/merge-descriptors 146ms (cache revalidated)
152 silly packumentCache full:https://registry.npmjs.org/merge-descriptors set size:16527 disposed:false
153 http fetch GET 200 https://registry.npmjs.org/content-disposition 147ms (cache revalidated)
154 silly packumentCache full:https://registry.npmjs.org/content-disposition set size:45446 disposed:false
155 silly placeDep ROOT bytes@3.1.2 OK for: body-parser@2.3.0 want: ^3.1.2
156 silly placeDep ROOT content-type@2.1.0 OK for: body-parser@2.3.0 want: ^2.0.0
157 silly placeDep ROOT debug@4.4.3 OK for: body-parser@2.3.0 want: ^4.4.3
158 silly placeDep ROOT http-errors@2.0.1 OK for: body-parser@2.3.0 want: ^2.0.1
159 silly placeDep ROOT iconv-lite@0.7.3 OK for: body-parser@2.3.0 want: ^0.7.2
160 silly placeDep ROOT on-finished@2.4.1 OK for: body-parser@2.3.0 want: ^2.4.1
161 silly placeDep ROOT qs@6.16.0 OK for: body-parser@2.3.0 want: ^6.15.2
162 silly placeDep ROOT raw-body@3.0.2 OK for: body-parser@2.3.0 want: ^3.0.2
163 silly placeDep ROOT type-is@2.1.0 OK for: body-parser@2.3.0 want: ^2.1.0
164 silly fetch manifest ms@^2.1.3
165 silly packumentCache full:https://registry.npmjs.org/ms cache-miss
166 silly fetch manifest depd@~2.0.0
167 silly packumentCache full:https://registry.npmjs.org/depd cache-hit
168 silly fetch manifest inherits@~2.0.4
169 silly packumentCache full:https://registry.npmjs.org/inherits cache-miss
170 silly fetch manifest setprototypeof@~1.2.0
171 silly packumentCache full:https://registry.npmjs.org/setprototypeof cache-miss
172 silly fetch manifest statuses@~2.0.2
173 silly packumentCache full:https://registry.npmjs.org/statuses cache-hit
174 silly fetch manifest toidentifier@~1.0.1
175 silly packumentCache full:https://registry.npmjs.org/toidentifier cache-miss
176 silly fetch manifest safer-buffer@>= 2.1.2 < 3.0.0
177 silly packumentCache full:https://registry.npmjs.org/safer-buffer cache-miss
178 silly fetch manifest ee-first@1.1.1
179 silly packumentCache full:https://registry.npmjs.org/ee-first cache-miss
180 silly fetch manifest side-channel@^1.1.1
181 silly packumentCache full:https://registry.npmjs.org/side-channel cache-miss
182 http fetch GET 200 https://registry.npmjs.org/ms 117ms (cache revalidated)
183 silly packumentCache full:https://registry.npmjs.org/ms set size:92208 disposed:false
184 silly fetch manifest es-define-property@^1.0.1
185 silly packumentCache full:https://registry.npmjs.org/es-define-property cache-miss
186 http fetch GET 200 https://registry.npmjs.org/setprototypeof 131ms (cache revalidated)
187 silly packumentCache full:https://registry.npmjs.org/setprototypeof set size:14532 disposed:false
188 silly fetch manifest unpipe@~1.0.0
189 silly packumentCache full:https://registry.npmjs.org/unpipe cache-miss
190 http fetch GET 200 https://registry.npmjs.org/safer-buffer 134ms (cache revalidated)
191 silly packumentCache full:https://registry.npmjs.org/safer-buffer set size:18521 disposed:false
192 silly fetch manifest media-typer@^1.1.0
193 silly packumentCache full:https://registry.npmjs.org/media-typer cache-miss
194 http fetch GET 200 https://registry.npmjs.org/toidentifier 144ms (cache revalidated)
195 silly packumentCache full:https://registry.npmjs.org/toidentifier set size:12006 disposed:false
196 http fetch GET 200 https://registry.npmjs.org/side-channel 146ms (cache revalidated)
197 silly packumentCache full:https://registry.npmjs.org/side-channel set size:27650 disposed:false
198 http fetch GET 200 https://registry.npmjs.org/inherits 165ms (cache revalidated)
199 silly packumentCache full:https://registry.npmjs.org/inherits set size:12925 disposed:false
200 http fetch GET 200 https://registry.npmjs.org/ee-first 161ms (cache revalidated)
201 silly packumentCache full:https://registry.npmjs.org/ee-first set size:15327 disposed:false
202 http fetch GET 200 https://registry.npmjs.org/es-define-property 129ms (cache revalidated)
203 silly packumentCache full:https://registry.npmjs.org/es-define-property set size:8542 disposed:false
204 http fetch GET 200 https://registry.npmjs.org/media-typer 122ms (cache revalidated)
205 silly packumentCache full:https://registry.npmjs.org/media-typer set size:22074 disposed:false
206 http fetch GET 200 https://registry.npmjs.org/unpipe 140ms (cache revalidated)
207 silly packumentCache full:https://registry.npmjs.org/unpipe set size:3609 disposed:false
208 silly placeDep ROOT ms@2.1.3 OK for: debug@4.4.3 want: ^2.1.3
209 silly placeDep ROOT accepts@2.0.0 OK for: express@5.2.1 want: ^2.0.0
210 silly placeDep ROOT content-disposition@1.1.0 OK for: express@5.2.1 want: ^1.0.0
211 silly placeDep node_modules/express content-type@1.0.5 OK for: express@5.2.1 want: ^1.0.5
212 silly placeDep ROOT cookie@0.7.2 OK for: express@5.2.1 want: ^0.7.1
213 silly placeDep ROOT cookie-signature@1.2.2 OK for: express@5.2.1 want: ^1.2.1
214 silly placeDep ROOT depd@2.0.0 OK for: express@5.2.1 want: ^2.0.0
215 silly placeDep ROOT encodeurl@2.0.0 OK for: express@5.2.1 want: ^2.0.0
216 silly placeDep ROOT escape-html@1.0.3 OK for: express@5.2.1 want: ^1.0.3
217 silly placeDep ROOT etag@1.8.1 OK for: express@5.2.1 want: ^1.8.1
218 silly placeDep ROOT finalhandler@2.1.1 OK for: express@5.2.1 want: ^2.1.0
219 silly placeDep ROOT fresh@2.0.0 OK for: express@5.2.1 want: ^2.0.0
220 silly placeDep ROOT merge-descriptors@2.0.0 OK for: express@5.2.1 want: ^2.0.0
221 silly placeDep ROOT mime-types@3.0.2 OK for: express@5.2.1 want: ^3.0.0
222 silly placeDep ROOT once@1.4.0 OK for: express@5.2.1 want: ^1.4.0
223 silly placeDep ROOT parseurl@1.3.3 OK for: express@5.2.1 want: ^1.3.3
224 silly placeDep ROOT proxy-addr@2.0.8 OK for: express@5.2.1 want: ^2.0.7
225 silly placeDep ROOT range-parser@1.3.0 OK for: express@5.2.1 want: ^1.2.1
226 silly placeDep ROOT router@2.2.0 OK for: express@5.2.1 want: ^2.2.0
227 silly placeDep ROOT send@1.2.1 OK for: express@5.2.1 want: ^1.1.0
228 silly placeDep ROOT serve-static@2.2.1 OK for: express@5.2.1 want: ^2.2.0
229 silly placeDep ROOT statuses@2.0.2 OK for: express@5.2.1 want: ^2.0.1
230 silly placeDep ROOT vary@1.1.2 OK for: express@5.2.1 want: ^1.1.2
231 silly fetch manifest negotiator@^1.0.0
232 silly packumentCache full:https://registry.npmjs.org/negotiator cache-miss
233 silly fetch manifest mime-db@^1.54.0
234 silly packumentCache full:https://registry.npmjs.org/mime-db cache-miss
235 silly fetch manifest wrappy@1
236 silly packumentCache full:https://registry.npmjs.org/wrappy cache-miss
237 silly fetch manifest forwarded@0.2.0
238 silly packumentCache full:https://registry.npmjs.org/forwarded cache-miss
239 silly fetch manifest ipaddr.js@1.9.1
240 silly packumentCache full:https://registry.npmjs.org/ipaddr.js cache-miss
241 silly fetch manifest is-promise@^4.0.0
242 silly packumentCache full:https://registry.npmjs.org/is-promise cache-miss
243 silly fetch manifest path-to-regexp@^8.0.0
244 silly packumentCache full:https://registry.npmjs.org/path-to-regexp cache-miss
245 http fetch GET 200 https://registry.npmjs.org/negotiator 161ms (cache revalidated)
246 silly packumentCache full:https://registry.npmjs.org/negotiator set size:56148 disposed:false
247 silly fetch manifest statuses@^2.0.2
248 silly packumentCache full:https://registry.npmjs.org/statuses cache-hit
249 http fetch GET 200 https://registry.npmjs.org/forwarded 164ms (cache revalidated)
250 silly packumentCache full:https://registry.npmjs.org/forwarded set size:11229 disposed:false
251 http fetch GET 200 https://registry.npmjs.org/path-to-regexp 161ms (cache revalidated)
252 silly packumentCache full:https://registry.npmjs.org/path-to-regexp set size:216334 disposed:false
253 http fetch GET 200 https://registry.npmjs.org/ipaddr.js 178ms (cache revalidated)
254 silly packumentCache full:https://registry.npmjs.org/ipaddr.js set size:84329 disposed:false
255 http fetch GET 200 https://registry.npmjs.org/wrappy 193ms (cache miss)
256 silly packumentCache full:https://registry.npmjs.org/wrappy set size:undefined disposed:false
257 http fetch GET 200 https://registry.npmjs.org/mime-db 199ms (cache revalidated)
258 silly packumentCache full:https://registry.npmjs.org/mime-db set size:164953 disposed:false
259 http fetch GET 200 https://registry.npmjs.org/is-promise 199ms (cache miss)
260 silly packumentCache full:https://registry.npmjs.org/is-promise set size:undefined disposed:false
261 silly placeDep ROOT negotiator@1.1.0 OK for: accepts@2.0.0 want: ^1.0.0
262 silly placeDep ROOT inherits@2.0.4 OK for: http-errors@2.0.1 want: ~2.0.4
263 silly placeDep ROOT setprototypeof@1.2.0 OK for: http-errors@2.0.1 want: ~1.2.0
264 silly placeDep ROOT toidentifier@1.0.1 OK for: http-errors@2.0.1 want: ~1.0.1
265 silly placeDep ROOT safer-buffer@2.1.2 OK for: iconv-lite@0.7.3 want: >= 2.1.2 < 3.0.0
266 silly placeDep ROOT mime-db@1.54.0 OK for: mime-types@3.0.2 want: ^1.54.0
267 silly placeDep ROOT ee-first@1.1.1 OK for: on-finished@2.4.1 want: 1.1.1
268 silly placeDep ROOT wrappy@1.0.2 OK for: once@1.4.0 want: 1
269 silly placeDep ROOT forwarded@0.2.0 OK for: proxy-addr@2.0.8 want: 0.2.0
270 silly placeDep ROOT ipaddr.js@1.9.1 OK for: proxy-addr@2.0.8 want: 1.9.1
271 silly placeDep ROOT es-define-property@1.0.1 OK for: qs@6.16.0 want: ^1.0.1
272 silly placeDep ROOT side-channel@1.1.1 OK for: qs@6.16.0 want: ^1.1.1
273 silly fetch manifest es-errors@^1.3.0
274 silly packumentCache full:https://registry.npmjs.org/es-errors cache-miss
275 silly fetch manifest object-inspect@^1.13.4
276 silly packumentCache full:https://registry.npmjs.org/object-inspect cache-miss
277 silly fetch manifest side-channel-list@^1.0.1
278 silly packumentCache full:https://registry.npmjs.org/side-channel-list cache-miss
279 silly fetch manifest side-channel-map@^1.0.1
280 silly packumentCache full:https://registry.npmjs.org/side-channel-map cache-miss
281 silly fetch manifest side-channel-weakmap@^1.0.2
282 silly packumentCache full:https://registry.npmjs.org/side-channel-weakmap cache-miss
283 http fetch GET 200 https://registry.npmjs.org/side-channel-map 103ms (cache revalidated)
284 silly packumentCache full:https://registry.npmjs.org/side-channel-map set size:9126 disposed:false
285 http fetch GET 200 https://registry.npmjs.org/es-errors 113ms (cache revalidated)
286 silly packumentCache full:https://registry.npmjs.org/es-errors set size:16918 disposed:false
287 http fetch GET 200 https://registry.npmjs.org/object-inspect 116ms (cache revalidated)
288 silly packumentCache full:https://registry.npmjs.org/object-inspect set size:101927 disposed:false
289 http fetch GET 200 https://registry.npmjs.org/side-channel-list 123ms (cache revalidated)
290 silly packumentCache full:https://registry.npmjs.org/side-channel-list set size:9021 disposed:false
291 http fetch GET 200 https://registry.npmjs.org/side-channel-weakmap 123ms (cache revalidated)
292 silly packumentCache full:https://registry.npmjs.org/side-channel-weakmap set size:12620 disposed:false
293 silly placeDep ROOT unpipe@1.0.0 OK for: raw-body@3.0.2 want: ~1.0.0
294 silly placeDep ROOT is-promise@4.0.0 OK for: router@2.2.0 want: ^4.0.0
295 silly placeDep ROOT path-to-regexp@8.4.2 OK for: router@2.2.0 want: ^8.0.0
296 silly placeDep ROOT es-errors@1.3.0 OK for: side-channel@1.1.1 want: ^1.3.0
297 silly placeDep ROOT object-inspect@1.13.4 OK for: side-channel@1.1.1 want: ^1.13.4
298 silly placeDep ROOT side-channel-list@1.0.1 OK for: side-channel@1.1.1 want: ^1.0.1
299 silly placeDep ROOT side-channel-map@1.0.1 OK for: side-channel@1.1.1 want: ^1.0.1
300 silly placeDep ROOT side-channel-weakmap@1.0.2 OK for: side-channel@1.1.1 want: ^1.0.2
301 silly fetch manifest call-bound@^1.0.2
302 silly packumentCache full:https://registry.npmjs.org/call-bound cache-miss
303 silly fetch manifest get-intrinsic@^1.2.5
304 silly packumentCache full:https://registry.npmjs.org/get-intrinsic cache-miss
305 silly fetch manifest call-bound@^1.0.2
306 silly packumentCache full:https://registry.npmjs.org/call-bound cache-miss
307 silly fetch manifest get-intrinsic@^1.2.5
308 silly packumentCache full:https://registry.npmjs.org/get-intrinsic cache-miss
309 http fetch GET 200 https://registry.npmjs.org/call-bound 109ms (cache revalidated)
310 silly packumentCache full:https://registry.npmjs.org/call-bound set size:15317 disposed:false
311 http fetch GET 200 https://registry.npmjs.org/call-bound 110ms (cache revalidated)
312 silly packumentCache full:https://registry.npmjs.org/call-bound set size:15317 disposed:false
313 silly packumentCache full:https://registry.npmjs.org/call-bound dispose
314 http fetch GET 200 https://registry.npmjs.org/get-intrinsic 115ms (cache revalidated)
315 silly packumentCache full:https://registry.npmjs.org/get-intrinsic set size:60985 disposed:false
316 http fetch GET 200 https://registry.npmjs.org/get-intrinsic 117ms (cache revalidated)
317 silly packumentCache full:https://registry.npmjs.org/get-intrinsic set size:60985 disposed:false
318 silly packumentCache full:https://registry.npmjs.org/get-intrinsic dispose
319 silly placeDep ROOT call-bound@1.0.4 OK for: side-channel-map@1.0.1 want: ^1.0.2
320 silly placeDep ROOT get-intrinsic@1.3.0 OK for: side-channel-map@1.0.1 want: ^1.2.5
321 silly fetch manifest call-bind-apply-helpers@^1.0.2
322 silly packumentCache full:https://registry.npmjs.org/call-bind-apply-helpers cache-miss
323 silly fetch manifest get-intrinsic@^1.3.0
324 silly packumentCache full:https://registry.npmjs.org/get-intrinsic cache-hit
325 silly fetch manifest gopd@^1.2.0
326 silly packumentCache full:https://registry.npmjs.org/gopd cache-miss
327 silly fetch manifest hasown@^2.0.2
328 silly packumentCache full:https://registry.npmjs.org/hasown cache-miss
329 silly fetch manifest get-proto@^1.0.1
330 silly packumentCache full:https://registry.npmjs.org/get-proto cache-miss
331 silly fetch manifest has-symbols@^1.1.0
332 silly packumentCache full:https://registry.npmjs.org/has-symbols cache-miss
333 silly fetch manifest function-bind@^1.1.2
334 silly packumentCache full:https://registry.npmjs.org/function-bind cache-miss
335 silly fetch manifest es-object-atoms@^1.1.1
336 silly packumentCache full:https://registry.npmjs.org/es-object-atoms cache-miss
337 http fetch GET 200 https://registry.npmjs.org/get-proto 108ms (cache revalidated)
338 silly packumentCache full:https://registry.npmjs.org/get-proto set size:8300 disposed:false
339 silly fetch manifest math-intrinsics@^1.1.0
340 silly packumentCache full:https://registry.npmjs.org/math-intrinsics cache-miss
341 http fetch GET 200 https://registry.npmjs.org/gopd 129ms (cache revalidated)
342 silly packumentCache full:https://registry.npmjs.org/gopd set size:11483 disposed:false
343 silly fetch manifest call-bind-apply-helpers@^1.0.2
344 silly packumentCache full:https://registry.npmjs.org/call-bind-apply-helpers cache-miss
345 http fetch GET 200 https://registry.npmjs.org/has-symbols 130ms (cache revalidated)
346 silly packumentCache full:https://registry.npmjs.org/has-symbols set size:21550 disposed:false
347 http fetch GET 200 https://registry.npmjs.org/call-bind-apply-helpers 141ms (cache revalidated)
348 silly packumentCache full:https://registry.npmjs.org/call-bind-apply-helpers set size:12744 disposed:false
349 http fetch GET 200 https://registry.npmjs.org/function-bind 154ms (cache revalidated)
350 silly packumentCache full:https://registry.npmjs.org/function-bind set size:15733 disposed:false
351 http fetch GET 200 https://registry.npmjs.org/hasown 163ms (cache revalidated)
352 silly packumentCache full:https://registry.npmjs.org/hasown set size:18361 disposed:false
353 http fetch GET 200 https://registry.npmjs.org/es-object-atoms 156ms (cache revalidated)
354 silly packumentCache full:https://registry.npmjs.org/es-object-atoms set size:18278 disposed:false
355 http cache https://registry.npmjs.org/call-bind-apply-helpers 39ms (cache hit)
356 silly packumentCache full:https://registry.npmjs.org/call-bind-apply-helpers set size:12744 disposed:false
357 silly packumentCache full:https://registry.npmjs.org/call-bind-apply-helpers dispose
358 http fetch GET 200 https://registry.npmjs.org/math-intrinsics 125ms (cache revalidated)
359 silly packumentCache full:https://registry.npmjs.org/math-intrinsics set size:9265 disposed:false
360 silly placeDep ROOT call-bind-apply-helpers@1.0.2 OK for: call-bound@1.0.4 want: ^1.0.2
361 silly placeDep ROOT function-bind@1.1.2 OK for: call-bind-apply-helpers@1.0.2 want: ^1.1.2
362 silly placeDep ROOT es-object-atoms@1.1.2 OK for: get-intrinsic@1.3.0 want: ^1.1.1
363 silly placeDep ROOT get-proto@1.0.1 OK for: get-intrinsic@1.3.0 want: ^1.0.1
364 silly placeDep ROOT gopd@1.2.0 OK for: get-intrinsic@1.3.0 want: ^1.2.0
365 silly placeDep ROOT has-symbols@1.1.0 OK for: get-intrinsic@1.3.0 want: ^1.1.0
366 silly placeDep ROOT hasown@2.0.4 OK for: get-intrinsic@1.3.0 want: ^2.0.2
367 silly placeDep ROOT math-intrinsics@1.1.0 OK for: get-intrinsic@1.3.0 want: ^1.1.0
368 silly fetch manifest dunder-proto@^1.0.1
369 silly packumentCache full:https://registry.npmjs.org/dunder-proto cache-miss
370 http fetch GET 200 https://registry.npmjs.org/dunder-proto 106ms (cache revalidated)
371 silly packumentCache full:https://registry.npmjs.org/dunder-proto set size:8256 disposed:false
372 silly placeDep ROOT dunder-proto@1.0.1 OK for: get-proto@1.0.1 want: ^1.0.1
373 silly placeDep ROOT media-typer@1.1.1 OK for: type-is@2.1.0 want: ^1.1.0
374 silly reify moves {}
375 silly audit bulk request {
375 silly audit   'body-parser': [ '2.3.0' ],
375 silly audit   express: [ '5.2.1' ],
375 silly audit   bytes: [ '3.1.2' ],
375 silly audit   'content-type': [ '2.1.0', '1.0.5' ],
375 silly audit   debug: [ '4.4.3' ],
375 silly audit   'http-errors': [ '2.0.1' ],
375 silly audit   'iconv-lite': [ '0.7.3' ],
375 silly audit   'on-finished': [ '2.4.1' ],
375 silly audit   qs: [ '6.16.0' ],
375 silly audit   'raw-body': [ '3.0.2' ],
375 silly audit   'type-is': [ '2.1.0' ],
375 silly audit   ms: [ '2.1.3' ],
375 silly audit   accepts: [ '2.0.0' ],
375 silly audit   'content-disposition': [ '1.1.0' ],
375 silly audit   cookie: [ '0.7.2' ],
375 silly audit   'cookie-signature': [ '1.2.2' ],
375 silly audit   depd: [ '2.0.0' ],
375 silly audit   encodeurl: [ '2.0.0' ],
375 silly audit   'escape-html': [ '1.0.3' ],
375 silly audit   etag: [ '1.8.1' ],
375 silly audit   finalhandler: [ '2.1.1' ],
375 silly audit   fresh: [ '2.0.0' ],
375 silly audit   'merge-descriptors': [ '2.0.0' ],
375 silly audit   'mime-types': [ '3.0.2' ],
375 silly audit   once: [ '1.4.0' ],
375 silly audit   parseurl: [ '1.3.3' ],
375 silly audit   'proxy-addr': [ '2.0.8' ],
375 silly audit   'range-parser': [ '1.3.0' ],
375 silly audit   router: [ '2.2.0' ],
375 silly audit   send: [ '1.2.1' ],
375 silly audit   'serve-static': [ '2.2.1' ],
375 silly audit   statuses: [ '2.0.2' ],
375 silly audit   vary: [ '1.1.2' ],
375 silly audit   negotiator: [ '1.1.0' ],
375 silly audit   inherits: [ '2.0.4' ],
375 silly audit   setprototypeof: [ '1.2.0' ],
375 silly audit   toidentifier: [ '1.0.1' ],
375 silly audit   'safer-buffer': [ '2.1.2' ],
375 silly audit   'mime-db': [ '1.54.0' ],
375 silly audit   'ee-first': [ '1.1.1' ],
375 silly audit   wrappy: [ '1.0.2' ],
375 silly audit   forwarded: [ '0.2.0' ],
375 silly audit   'ipaddr.js': [ '1.9.1' ],
375 silly audit   'es-define-property': [ '1.0.1' ],
375 silly audit   'side-channel': [ '1.1.1' ],
375 silly audit   unpipe: [ '1.0.0' ],
375 silly audit   'is-promise': [ '4.0.0' ],
375 silly audit   'path-to-regexp': [ '8.4.2' ],
375 silly audit   'es-errors': [ '1.3.0' ],
375 silly audit   'object-inspect': [ '1.13.4' ],
375 silly audit   'side-channel-list': [ '1.0.1' ],
375 silly audit   'side-channel-map': [ '1.0.1' ],
375 silly audit   'side-channel-weakmap': [ '1.0.2' ],
375 silly audit   'call-bound': [ '1.0.4' ],
375 silly audit   'get-intrinsic': [ '1.3.0' ],
375 silly audit   'call-bind-apply-helpers': [ '1.0.2' ],
375 silly audit   'function-bind': [ '1.1.2' ],
375 silly audit   'es-object-atoms': [ '1.1.2' ],
375 silly audit   'get-proto': [ '1.0.1' ],
375 silly audit   gopd: [ '1.2.0' ],
375 silly audit   'has-symbols': [ '1.1.0' ],
375 silly audit   hasown: [ '2.0.4' ],
375 silly audit   'math-intrinsics': [ '1.1.0' ],
375 silly audit   'dunder-proto': [ '1.0.1' ],
375 silly audit   'media-typer': [ '1.1.1' ]
375 silly audit }
376 http cache media-typer@https://registry.npmjs.org/media-typer/-/media-typer-1.1.1.tgz 1ms (cache hit)
377 http cache dunder-proto@https://registry.npmjs.org/dunder-proto/-/dunder-proto-1.0.1.tgz 0ms (cache hit)
378 http cache math-intrinsics@https://registry.npmjs.org/math-intrinsics/-/math-intrinsics-1.1.0.tgz 0ms (cache hit)
379 http cache hasown@https://registry.npmjs.org/hasown/-/hasown-2.0.4.tgz 0ms (cache hit)
380 http cache has-symbols@https://registry.npmjs.org/has-symbols/-/has-symbols-1.1.0.tgz 0ms (cache hit)
381 http cache get-proto@https://registry.npmjs.org/get-proto/-/get-proto-1.0.1.tgz 0ms (cache hit)
382 http cache gopd@https://registry.npmjs.org/gopd/-/gopd-1.2.0.tgz 0ms (cache hit)
383 http cache es-object-atoms@https://registry.npmjs.org/es-object-atoms/-/es-object-atoms-1.1.2.tgz 0ms (cache hit)
384 http cache function-bind@https://registry.npmjs.org/function-bind/-/function-bind-1.1.2.tgz 0ms (cache hit)
385 http cache call-bind-apply-helpers@https://registry.npmjs.org/call-bind-apply-helpers/-/call-bind-apply-helpers-1.0.2.tgz 0ms (cache hit)
386 http cache get-intrinsic@https://registry.npmjs.org/get-intrinsic/-/get-intrinsic-1.3.0.tgz 0ms (cache hit)
387 http cache call-bound@https://registry.npmjs.org/call-bound/-/call-bound-1.0.4.tgz 0ms (cache hit)
388 http cache side-channel-weakmap@https://registry.npmjs.org/side-channel-weakmap/-/side-channel-weakmap-1.0.2.tgz 0ms (cache hit)
389 http cache side-channel-map@https://registry.npmjs.org/side-channel-map/-/side-channel-map-1.0.1.tgz 0ms (cache hit)
390 http cache side-channel-list@https://registry.npmjs.org/side-channel-list/-/side-channel-list-1.0.1.tgz 0ms (cache hit)
391 http cache es-errors@https://registry.npmjs.org/es-errors/-/es-errors-1.3.0.tgz 0ms (cache hit)
392 http cache object-inspect@https://registry.npmjs.org/object-inspect/-/object-inspect-1.13.4.tgz 0ms (cache hit)
393 http cache path-to-regexp@https://registry.npmjs.org/path-to-regexp/-/path-to-regexp-8.4.2.tgz 0ms (cache hit)
394 http cache is-promise@https://registry.npmjs.org/is-promise/-/is-promise-4.0.0.tgz 0ms (cache hit)
395 http cache unpipe@https://registry.npmjs.org/unpipe/-/unpipe-1.0.0.tgz 1ms (cache hit)
396 http cache side-channel@https://registry.npmjs.org/side-channel/-/side-channel-1.1.1.tgz 0ms (cache hit)
397 http cache es-define-property@https://registry.npmjs.org/es-define-property/-/es-define-property-1.0.1.tgz 0ms (cache hit)
398 http cache forwarded@https://registry.npmjs.org/forwarded/-/forwarded-0.2.0.tgz 0ms (cache hit)
399 http cache ipaddr.js@https://registry.npmjs.org/ipaddr.js/-/ipaddr.js-1.9.1.tgz 0ms (cache hit)
400 http cache wrappy@https://registry.npmjs.org/wrappy/-/wrappy-1.0.2.tgz 0ms (cache hit)
401 http cache mime-db@https://registry.npmjs.org/mime-db/-/mime-db-1.54.0.tgz 0ms (cache hit)
402 http cache ee-first@https://registry.npmjs.org/ee-first/-/ee-first-1.1.1.tgz 0ms (cache hit)
403 http cache safer-buffer@https://registry.npmjs.org/safer-buffer/-/safer-buffer-2.1.2.tgz 0ms (cache hit)
404 http cache toidentifier@https://registry.npmjs.org/toidentifier/-/toidentifier-1.0.1.tgz 0ms (cache hit)
405 http cache setprototypeof@https://registry.npmjs.org/setprototypeof/-/setprototypeof-1.2.0.tgz 0ms (cache hit)
406 http cache inherits@https://registry.npmjs.org/inherits/-/inherits-2.0.4.tgz 0ms (cache hit)
407 http cache vary@https://registry.npmjs.org/vary/-/vary-1.1.2.tgz 1ms (cache hit)
408 http cache negotiator@https://registry.npmjs.org/negotiator/-/negotiator-1.1.0.tgz 1ms (cache hit)
409 http cache statuses@https://registry.npmjs.org/statuses/-/statuses-2.0.2.tgz 1ms (cache hit)
410 http cache serve-static@https://registry.npmjs.org/serve-static/-/serve-static-2.2.1.tgz 1ms (cache hit)
411 http cache send@https://registry.npmjs.org/send/-/send-1.2.1.tgz 1ms (cache hit)
412 http cache router@https://registry.npmjs.org/router/-/router-2.2.0.tgz 0ms (cache hit)
413 http cache range-parser@https://registry.npmjs.org/range-parser/-/range-parser-1.3.0.tgz 0ms (cache hit)
414 http cache proxy-addr@https://registry.npmjs.org/proxy-addr/-/proxy-addr-2.0.8.tgz 0ms (cache hit)
415 http cache parseurl@https://registry.npmjs.org/parseurl/-/parseurl-1.3.3.tgz 0ms (cache hit)
416 http cache once@https://registry.npmjs.org/once/-/once-1.4.0.tgz 0ms (cache hit)
417 http cache mime-types@https://registry.npmjs.org/mime-types/-/mime-types-3.0.2.tgz 0ms (cache hit)
418 http cache merge-descriptors@https://registry.npmjs.org/merge-descriptors/-/merge-descriptors-2.0.0.tgz 0ms (cache hit)
419 http cache fresh@https://registry.npmjs.org/fresh/-/fresh-2.0.0.tgz 0ms (cache hit)
420 http cache finalhandler@https://registry.npmjs.org/finalhandler/-/finalhandler-2.1.1.tgz 0ms (cache hit)
421 http cache etag@https://registry.npmjs.org/etag/-/etag-1.8.1.tgz 0ms (cache hit)
422 http cache escape-html@https://registry.npmjs.org/escape-html/-/escape-html-1.0.3.tgz 0ms (cache hit)
423 http cache encodeurl@https://registry.npmjs.org/encodeurl/-/encodeurl-2.0.0.tgz 0ms (cache hit)
424 http cache depd@https://registry.npmjs.org/depd/-/depd-2.0.0.tgz 0ms (cache hit)
425 http cache cookie-signature@https://registry.npmjs.org/cookie-signature/-/cookie-signature-1.2.2.tgz 0ms (cache hit)
426 http cache cookie@https://registry.npmjs.org/cookie/-/cookie-0.7.2.tgz 0ms (cache hit)
427 http cache content-disposition@https://registry.npmjs.org/content-disposition/-/content-disposition-1.1.0.tgz 0ms (cache hit)
428 http cache accepts@https://registry.npmjs.org/accepts/-/accepts-2.0.0.tgz 0ms (cache hit)
429 http cache ms@https://registry.npmjs.org/ms/-/ms-2.1.3.tgz 0ms (cache hit)
430 http cache type-is@https://registry.npmjs.org/type-is/-/type-is-2.1.0.tgz 0ms (cache hit)
431 http cache raw-body@https://registry.npmjs.org/raw-body/-/raw-body-3.0.2.tgz 0ms (cache hit)
432 http cache qs@https://registry.npmjs.org/qs/-/qs-6.16.0.tgz 0ms (cache hit)
433 http cache on-finished@https://registry.npmjs.org/on-finished/-/on-finished-2.4.1.tgz 0ms (cache hit)
434 http cache iconv-lite@https://registry.npmjs.org/iconv-lite/-/iconv-lite-0.7.3.tgz 0ms (cache hit)
435 http cache http-errors@https://registry.npmjs.org/http-errors/-/http-errors-2.0.1.tgz 0ms (cache hit)
436 http cache debug@https://registry.npmjs.org/debug/-/debug-4.4.3.tgz 0ms (cache hit)
437 http cache content-type@https://registry.npmjs.org/content-type/-/content-type-2.1.0.tgz 0ms (cache hit)
438 http cache bytes@https://registry.npmjs.org/bytes/-/bytes-3.1.2.tgz 0ms (cache hit)
439 http cache express@https://registry.npmjs.org/express/-/express-5.2.1.tgz 0ms (cache hit)
440 http cache body-parser@https://registry.npmjs.org/body-parser/-/body-parser-2.3.0.tgz 0ms (cache hit)
441 http cache content-type@https://registry.npmjs.org/content-type/-/content-type-1.0.5.tgz 0ms (cache hit)
442 silly tarball no local data for media-typer@https://registry.npmjs.org/media-typer/-/media-typer-1.1.1.tgz. Extracting by manifest.
443 silly tarball no local data for path-to-regexp@https://registry.npmjs.org/path-to-regexp/-/path-to-regexp-8.4.2.tgz. Extracting by manifest.
444 silly tarball no local data for is-promise@https://registry.npmjs.org/is-promise/-/is-promise-4.0.0.tgz. Extracting by manifest.
445 silly tarball no local data for wrappy@https://registry.npmjs.org/wrappy/-/wrappy-1.0.2.tgz. Extracting by manifest.
446 silly tarball no local data for mime-db@https://registry.npmjs.org/mime-db/-/mime-db-1.54.0.tgz. Extracting by manifest.
447 silly tarball no local data for negotiator@https://registry.npmjs.org/negotiator/-/negotiator-1.1.0.tgz. Extracting by manifest.
448 silly tarball no local data for serve-static@https://registry.npmjs.org/serve-static/-/serve-static-2.2.1.tgz. Extracting by manifest.
449 silly tarball no local data for send@https://registry.npmjs.org/send/-/send-1.2.1.tgz. Extracting by manifest.
450 silly tarball no local data for router@https://registry.npmjs.org/router/-/router-2.2.0.tgz. Extracting by manifest.
451 silly tarball no local data for range-parser@https://registry.npmjs.org/range-parser/-/range-parser-1.3.0.tgz. Extracting by manifest.
452 silly tarball no local data for once@https://registry.npmjs.org/once/-/once-1.4.0.tgz. Extracting by manifest.
453 silly tarball no local data for merge-descriptors@https://registry.npmjs.org/merge-descriptors/-/merge-descriptors-2.0.0.tgz. Extracting by manifest.
454 silly tarball no local data for fresh@https://registry.npmjs.org/fresh/-/fresh-2.0.0.tgz. Extracting by manifest.
455 silly tarball no local data for mime-types@https://registry.npmjs.org/mime-types/-/mime-types-3.0.2.tgz. Extracting by manifest.
456 silly tarball no local data for finalhandler@https://registry.npmjs.org/finalhandler/-/finalhandler-2.1.1.tgz. Extracting by manifest.
457 silly tarball no local data for cookie-signature@https://registry.npmjs.org/cookie-signature/-/cookie-signature-1.2.2.tgz. Extracting by manifest.
458 silly tarball no local data for content-disposition@https://registry.npmjs.org/content-disposition/-/content-disposition-1.1.0.tgz. Extracting by manifest.
459 silly tarball no local data for accepts@https://registry.npmjs.org/accepts/-/accepts-2.0.0.tgz. Extracting by manifest.
460 silly tarball no local data for raw-body@https://registry.npmjs.org/raw-body/-/raw-body-3.0.2.tgz. Extracting by manifest.
461 silly tarball no local data for type-is@https://registry.npmjs.org/type-is/-/type-is-2.1.0.tgz. Extracting by manifest.
462 silly tarball no local data for iconv-lite@https://registry.npmjs.org/iconv-lite/-/iconv-lite-0.7.3.tgz. Extracting by manifest.
463 silly tarball no local data for express@https://registry.npmjs.org/express/-/express-5.2.1.tgz. Extracting by manifest.
464 silly tarball no local data for body-parser@https://registry.npmjs.org/body-parser/-/body-parser-2.3.0.tgz. Extracting by manifest.
465 http fetch POST 200 https://registry.npmjs.org/-/npm/v1/security/advisories/bulk 621ms
466 silly audit report {}
467 http fetch GET 200 https://registry.npmjs.org/is-promise/-/is-promise-4.0.0.tgz 869ms (cache miss)
468 http fetch GET 200 https://registry.npmjs.org/wrappy/-/wrappy-1.0.2.tgz 868ms (cache miss)
469 http fetch GET 200 https://registry.npmjs.org/media-typer/-/media-typer-1.1.1.tgz 892ms (cache miss)
470 http fetch GET 200 https://registry.npmjs.org/cookie-signature/-/cookie-signature-1.2.2.tgz 854ms (cache miss)
471 http fetch GET 200 https://registry.npmjs.org/accepts/-/accepts-2.0.0.tgz 869ms (cache miss)
472 http fetch GET 200 https://registry.npmjs.org/content-disposition/-/content-disposition-1.1.0.tgz 881ms (cache miss)
473 http fetch GET 200 https://registry.npmjs.org/finalhandler/-/finalhandler-2.1.1.tgz 887ms (cache miss)
474 http fetch GET 200 https://registry.npmjs.org/raw-body/-/raw-body-3.0.2.tgz 879ms (cache miss)
475 http fetch GET 200 https://registry.npmjs.org/merge-descriptors/-/merge-descriptors-2.0.0.tgz 904ms (cache miss)
476 http fetch GET 200 https://registry.npmjs.org/type-is/-/type-is-2.1.0.tgz 892ms (cache miss)
477 http fetch GET 200 https://registry.npmjs.org/range-parser/-/range-parser-1.3.0.tgz 918ms (cache miss)
478 http fetch GET 200 https://registry.npmjs.org/negotiator/-/negotiator-1.1.0.tgz 932ms (cache miss)
479 http fetch GET 200 https://registry.npmjs.org/serve-static/-/serve-static-2.2.1.tgz 932ms (cache miss)
480 http fetch GET 200 https://registry.npmjs.org/once/-/once-1.4.0.tgz 925ms (cache miss)
481 http fetch GET 200 https://registry.npmjs.org/fresh/-/fresh-2.0.0.tgz 926ms (cache miss)
482 http fetch GET 200 https://registry.npmjs.org/send/-/send-1.2.1.tgz 946ms (cache miss)
483 http fetch GET 200 https://registry.npmjs.org/mime-types/-/mime-types-3.0.2.tgz 940ms (cache miss)
484 http fetch GET 200 https://registry.npmjs.org/path-to-regexp/-/path-to-regexp-8.4.2.tgz 979ms (cache miss)
485 http fetch GET 200 https://registry.npmjs.org/mime-db/-/mime-db-1.54.0.tgz 985ms (cache miss)
486 http fetch GET 200 https://registry.npmjs.org/router/-/router-2.2.0.tgz 989ms (cache miss)
487 http fetch GET 200 https://registry.npmjs.org/body-parser/-/body-parser-2.3.0.tgz 976ms (cache miss)
488 http fetch GET 200 https://registry.npmjs.org/express/-/express-5.2.1.tgz 979ms (cache miss)
489 http fetch GET 200 https://registry.npmjs.org/iconv-lite/-/iconv-lite-0.7.3.tgz 1046ms (cache miss)
490 silly ADD node_modules/media-typer
491 silly ADD node_modules/dunder-proto
492 silly ADD node_modules/math-intrinsics
493 silly ADD node_modules/hasown
494 silly ADD node_modules/has-symbols
495 silly ADD node_modules/gopd
496 silly ADD node_modules/get-proto
497 silly ADD node_modules/es-object-atoms
498 silly ADD node_modules/function-bind
499 silly ADD node_modules/call-bind-apply-helpers
500 silly ADD node_modules/get-intrinsic
501 silly ADD node_modules/call-bound
502 silly ADD node_modules/side-channel-weakmap
503 silly ADD node_modules/side-channel-map
504 silly ADD node_modules/side-channel-list
505 silly ADD node_modules/object-inspect
506 silly ADD node_modules/es-errors
507 silly ADD node_modules/path-to-regexp
508 silly ADD node_modules/is-promise
509 silly ADD node_modules/unpipe
510 silly ADD node_modules/side-channel
511 silly ADD node_modules/es-define-property
512 silly ADD node_modules/ipaddr.js
513 silly ADD node_modules/forwarded
514 silly ADD node_modules/wrappy
515 silly ADD node_modules/ee-first
516 silly ADD node_modules/mime-db
517 silly ADD node_modules/safer-buffer
518 silly ADD node_modules/toidentifier
519 silly ADD node_modules/setprototypeof
520 silly ADD node_modules/inherits
521 silly ADD node_modules/negotiator
522 silly ADD node_modules/vary
523 silly ADD node_modules/statuses
524 silly ADD node_modules/serve-static
525 silly ADD node_modules/send
526 silly ADD node_modules/router
527 silly ADD node_modules/range-parser
528 silly ADD node_modules/proxy-addr
529 silly ADD node_modules/parseurl
530 silly ADD node_modules/once
531 silly ADD node_modules/mime-types
532 silly ADD node_modules/merge-descriptors
533 silly ADD node_modules/fresh
534 silly ADD node_modules/finalhandler
535 silly ADD node_modules/etag
536 silly ADD node_modules/escape-html
537 silly ADD node_modules/encodeurl
538 silly ADD node_modules/depd
539 silly ADD node_modules/cookie-signature
540 silly ADD node_modules/cookie
541 silly ADD node_modules/content-disposition
542 silly ADD node_modules/accepts
543 silly ADD node_modules/ms
544 silly ADD node_modules/type-is
545 silly ADD node_modules/raw-body
546 silly ADD node_modules/qs
547 silly ADD node_modules/on-finished
548 silly ADD node_modules/iconv-lite
549 silly ADD node_modules/http-errors
550 silly ADD node_modules/debug
551 silly ADD node_modules/content-type
552 silly ADD node_modules/bytes
553 silly ADD node_modules/express
554 silly ADD node_modules/express/node_modules/content-type
555 silly ADD node_modules/body-parser
556 verbose cwd /data/data/com.termux/files/home/dashboard-store
557 verbose os Linux 6.12.38-android16-5-gb575a0b6e647-ab14355190-4k
558 verbose node v26.4.0
559 verbose npm  v11.20.0
560 verbose exit 0
561 info ok
