0 verbose cli /data/data/com.termux/files/usr/bin/node /data/data/com.termux/files/usr/bin/npm
1 info using npm@11.20.0
2 info using node@v26.4.0
3 silly config load:file:/data/data/com.termux/files/usr/lib/node_modules/npm/npmrc
4 silly config load:file:/data/data/com.termux/files/home/kensho-mart/.npmrc
5 silly config load:file:/data/data/com.termux/files/home/.npmrc
6 silly config load:file:/data/data/com.termux/files/usr/etc/npmrc
7 verbose title npm install express ejs body-parser
8 verbose argv "install" "express" "ejs" "body-parser"
9 verbose logfile logs-max:10 dir:/data/data/com.termux/files/home/.npm/_logs/2026-10-07T16_06_30_271Z-
10 verbose logfile /data/data/com.termux/files/home/.npm/_logs/2026-10-07T16_06_30_271Z-debug-0.log
11 silly logfile start cleaning logs, removing 1 files
12 silly logfile done cleaning log files
13 silly packumentCache heap:1174405120 maxSize:293601280 maxEntrySize:146800640
14 silly idealTree buildDeps
15 silly fetch manifest express@*
16 silly packumentCache full:https://registry.npmjs.org/express cache-miss
17 http fetch GET 200 https://registry.npmjs.org/express 388ms (cache revalidated)
18 silly packumentCache full:https://registry.npmjs.org/express set size:808998 disposed:false
19 silly fetch manifest ejs@*
20 silly packumentCache full:https://registry.npmjs.org/ejs cache-miss
21 http fetch GET 200 https://registry.npmjs.org/ejs 125ms (cache miss)
22 silly packumentCache full:https://registry.npmjs.org/ejs set size:undefined disposed:false
23 silly fetch manifest body-parser@*
24 silly packumentCache full:https://registry.npmjs.org/body-parser cache-miss
25 http fetch GET 200 https://registry.npmjs.org/body-parser 131ms (cache revalidated)
26 silly packumentCache full:https://registry.npmjs.org/body-parser set size:207391 disposed:false
27 silly placeDep ROOT body-parser@2.3.0 OK for: kensho-mart@1.0.0 want: *
28 silly placeDep ROOT ejs@7.0.1 OK for: kensho-mart@1.0.0 want: *
29 silly placeDep ROOT express@5.2.1 OK for: kensho-mart@1.0.0 want: *
30 silly fetch manifest qs@^6.15.2
31 silly packumentCache full:https://registry.npmjs.org/qs cache-miss
32 silly fetch manifest bytes@^3.1.2
33 silly packumentCache full:https://registry.npmjs.org/bytes cache-miss
34 silly fetch manifest debug@^4.4.3
35 silly packumentCache full:https://registry.npmjs.org/debug cache-miss
36 silly fetch manifest type-is@^2.1.0
37 silly packumentCache full:https://registry.npmjs.org/type-is cache-miss
38 silly fetch manifest raw-body@^3.0.2
39 silly packumentCache full:https://registry.npmjs.org/raw-body cache-miss
40 silly fetch manifest iconv-lite@^0.7.2
41 silly packumentCache full:https://registry.npmjs.org/iconv-lite cache-miss
42 silly fetch manifest http-errors@^2.0.1
43 silly packumentCache full:https://registry.npmjs.org/http-errors cache-miss
44 http fetch GET 200 https://registry.npmjs.org/type-is 97ms (cache revalidated)
45 silly packumentCache full:https://registry.npmjs.org/type-is set size:90391 disposed:false
46 silly fetch manifest on-finished@^2.4.1
47 silly packumentCache full:https://registry.npmjs.org/on-finished cache-miss
48 http fetch GET 200 https://registry.npmjs.org/on-finished 102ms (cache revalidated)
49 silly packumentCache full:https://registry.npmjs.org/on-finished set size:23212 disposed:false
50 silly fetch manifest content-type@^2.0.0
51 silly packumentCache full:https://registry.npmjs.org/content-type cache-miss
52 http fetch GET 200 https://registry.npmjs.org/raw-body 252ms (cache revalidated)
53 silly packumentCache full:https://registry.npmjs.org/raw-body set size:120042 disposed:false
54 silly fetch manifest qs@^6.14.0
55 silly packumentCache full:https://registry.npmjs.org/qs cache-miss
56 http fetch GET 200 https://registry.npmjs.org/http-errors 334ms (cache revalidated)
57 silly packumentCache full:https://registry.npmjs.org/http-errors set size:71987 disposed:false
58 silly fetch manifest depd@^2.0.0
59 silly packumentCache full:https://registry.npmjs.org/depd cache-miss
60 http fetch GET 200 https://registry.npmjs.org/content-type 134ms (cache revalidated)
61 silly packumentCache full:https://registry.npmjs.org/content-type set size:29578 disposed:false
62 silly fetch manifest etag@^1.8.1
63 silly packumentCache full:https://registry.npmjs.org/etag cache-miss
64 http fetch GET 200 https://registry.npmjs.org/debug 358ms (cache revalidated)
65 silly packumentCache full:https://registry.npmjs.org/debug set size:195840 disposed:false
66 silly fetch manifest once@^1.4.0
67 silly packumentCache full:https://registry.npmjs.org/once cache-miss
68 http fetch GET 200 https://registry.npmjs.org/iconv-lite 369ms (cache revalidated)
69 silly packumentCache full:https://registry.npmjs.org/iconv-lite set size:126462 disposed:false
70 silly fetch manifest send@^1.1.0
71 silly packumentCache full:https://registry.npmjs.org/send cache-miss
72 http fetch GET 200 https://registry.npmjs.org/qs 393ms (cache revalidated)
73 silly packumentCache full:https://registry.npmjs.org/qs set size:365613 disposed:false
74 silly fetch manifest vary@^1.1.2
75 silly packumentCache full:https://registry.npmjs.org/vary cache-miss
76 http fetch GET 200 https://registry.npmjs.org/qs 146ms (cache revalidated)
77 silly packumentCache full:https://registry.npmjs.org/qs set size:365613 disposed:false
78 silly packumentCache full:https://registry.npmjs.org/qs dispose
79 silly fetch manifest debug@^4.4.0
80 silly packumentCache full:https://registry.npmjs.org/debug cache-hit
81 silly fetch manifest fresh@^2.0.0
82 silly packumentCache full:https://registry.npmjs.org/fresh cache-miss
83 http fetch GET 200 https://registry.npmjs.org/depd 169ms (cache revalidated)
84 silly packumentCache full:https://registry.npmjs.org/depd set size:40182 disposed:false
85 silly fetch manifest cookie@^0.7.1
86 silly packumentCache full:https://registry.npmjs.org/cookie cache-miss
87 http fetch GET 200 https://registry.npmjs.org/etag 188ms (cache revalidated)
88 silly packumentCache full:https://registry.npmjs.org/etag set size:30032 disposed:false
89 silly fetch manifest router@^2.2.0
90 silly packumentCache full:https://registry.npmjs.org/router cache-miss
91 http fetch GET 200 https://registry.npmjs.org/send 167ms (cache revalidated)
92 silly packumentCache full:https://registry.npmjs.org/send set size:152810 disposed:false
93 silly fetch manifest accepts@^2.0.0
94 silly packumentCache full:https://registry.npmjs.org/accepts cache-miss
95 http fetch GET 200 https://registry.npmjs.org/vary 158ms (cache revalidated)
96 silly packumentCache full:https://registry.npmjs.org/vary set size:15994 disposed:false
97 silly fetch manifest type-is@^2.0.1
98 silly packumentCache full:https://registry.npmjs.org/type-is cache-hit
99 silly fetch manifest parseurl@^1.3.3
100 silly packumentCache full:https://registry.npmjs.org/parseurl cache-miss
101 http fetch GET 200 https://registry.npmjs.org/once 204ms (cache revalidated)
102 silly packumentCache full:https://registry.npmjs.org/once set size:11752 disposed:false
103 silly fetch manifest statuses@^2.0.1
104 silly packumentCache full:https://registry.npmjs.org/statuses cache-miss
105 http fetch GET 200 https://registry.npmjs.org/fresh 144ms (cache revalidated)
106 silly packumentCache full:https://registry.npmjs.org/fresh set size:25427 disposed:false
107 silly fetch manifest encodeurl@^2.0.0
108 silly packumentCache full:https://registry.npmjs.org/encodeurl cache-miss
109 http fetch GET 200 https://registry.npmjs.org/cookie 141ms (cache revalidated)
110 silly packumentCache full:https://registry.npmjs.org/cookie set size:78274 disposed:false
111 silly fetch manifest mime-types@^3.0.0
112 silly packumentCache full:https://registry.npmjs.org/mime-types cache-miss
113 http fetch GET 200 https://registry.npmjs.org/router 160ms (cache revalidated)
114 silly packumentCache full:https://registry.npmjs.org/router set size:116499 disposed:false
115 silly fetch manifest proxy-addr@^2.0.7
116 silly packumentCache full:https://registry.npmjs.org/proxy-addr cache-miss
117 http fetch GET 200 https://registry.npmjs.org/bytes 723ms (cache revalidated)
118 silly packumentCache full:https://registry.npmjs.org/bytes set size:37018 disposed:false
119 silly fetch manifest escape-html@^1.0.3
120 silly packumentCache full:https://registry.npmjs.org/escape-html cache-miss
121 http fetch GET 200 https://registry.npmjs.org/accepts 167ms (cache revalidated)
122 silly packumentCache full:https://registry.npmjs.org/accepts set size:77054 disposed:false
123 silly fetch manifest http-errors@^2.0.0
124 silly packumentCache full:https://registry.npmjs.org/http-errors cache-hit
125 silly fetch manifest content-type@^1.0.5
126 silly packumentCache full:https://registry.npmjs.org/content-type cache-hit
127 silly fetch manifest finalhandler@^2.1.0
128 silly packumentCache full:https://registry.npmjs.org/finalhandler cache-miss
129 http fetch GET 200 https://registry.npmjs.org/encodeurl 164ms (cache revalidated)
130 silly packumentCache full:https://registry.npmjs.org/encodeurl set size:12296 disposed:false
131 silly fetch manifest range-parser@^1.2.1
132 silly packumentCache full:https://registry.npmjs.org/range-parser cache-miss
133 http fetch GET 200 https://registry.npmjs.org/parseurl 186ms (cache revalidated)
134 silly packumentCache full:https://registry.npmjs.org/parseurl set size:24148 disposed:false
135 silly fetch manifest serve-static@^2.2.0
136 silly packumentCache full:https://registry.npmjs.org/serve-static cache-miss
137 http fetch GET 200 https://registry.npmjs.org/statuses 187ms (cache revalidated)
138 silly packumentCache full:https://registry.npmjs.org/statuses set size:37117 disposed:false
139 silly fetch manifest cookie-signature@^1.2.1
140 silly packumentCache full:https://registry.npmjs.org/cookie-signature cache-miss
141 http fetch GET 200 https://registry.npmjs.org/mime-types 143ms (cache revalidated)
142 silly packumentCache full:https://registry.npmjs.org/mime-types set size:139110 disposed:false
143 silly fetch manifest merge-descriptors@^2.0.0
144 silly packumentCache full:https://registry.npmjs.org/merge-descriptors cache-miss
145 http fetch GET 200 https://registry.npmjs.org/proxy-addr 135ms (cache revalidated)
146 silly packumentCache full:https://registry.npmjs.org/proxy-addr set size:64125 disposed:false
147 silly fetch manifest content-disposition@^1.0.0
148 silly packumentCache full:https://registry.npmjs.org/content-disposition cache-miss
149 http fetch GET 200 https://registry.npmjs.org/range-parser 125ms (cache revalidated)
150 silly packumentCache full:https://registry.npmjs.org/range-parser set size:24852 disposed:false
151 http fetch GET 200 https://registry.npmjs.org/escape-html 160ms (cache revalidated)
152 silly packumentCache full:https://registry.npmjs.org/escape-html set size:7345 disposed:false
153 http fetch GET 200 https://registry.npmjs.org/cookie-signature 137ms (cache revalidated)
154 silly packumentCache full:https://registry.npmjs.org/cookie-signature set size:21777 disposed:false
155 http fetch GET 200 https://registry.npmjs.org/merge-descriptors 174ms (cache revalidated)
156 silly packumentCache full:https://registry.npmjs.org/merge-descriptors set size:16527 disposed:false
157 http fetch GET 200 https://registry.npmjs.org/finalhandler 282ms (cache revalidated)
158 silly packumentCache full:https://registry.npmjs.org/finalhandler set size:79291 disposed:false
159 http fetch GET 200 https://registry.npmjs.org/serve-static 263ms (cache revalidated)
160 silly packumentCache full:https://registry.npmjs.org/serve-static set size:150391 disposed:false
161 http fetch GET 200 https://registry.npmjs.org/content-disposition 173ms (cache revalidated)
162 silly packumentCache full:https://registry.npmjs.org/content-disposition set size:45446 disposed:false
163 silly placeDep ROOT bytes@3.1.2 OK for: body-parser@2.3.0 want: ^3.1.2
164 silly placeDep ROOT content-type@2.1.0 OK for: body-parser@2.3.0 want: ^2.0.0
165 silly placeDep ROOT debug@4.4.3 OK for: body-parser@2.3.0 want: ^4.4.3
166 silly placeDep ROOT http-errors@2.0.1 OK for: body-parser@2.3.0 want: ^2.0.1
167 silly placeDep ROOT iconv-lite@0.7.3 OK for: body-parser@2.3.0 want: ^0.7.2
168 silly placeDep ROOT on-finished@2.4.1 OK for: body-parser@2.3.0 want: ^2.4.1
169 silly placeDep ROOT qs@6.16.0 OK for: body-parser@2.3.0 want: ^6.15.2
170 silly placeDep ROOT raw-body@3.0.2 OK for: body-parser@2.3.0 want: ^3.0.2
171 silly placeDep ROOT type-is@2.1.0 OK for: body-parser@2.3.0 want: ^2.1.0
172 silly fetch manifest ms@^2.1.3
173 silly packumentCache full:https://registry.npmjs.org/ms cache-miss
174 silly fetch manifest depd@~2.0.0
175 silly packumentCache full:https://registry.npmjs.org/depd cache-hit
176 silly fetch manifest inherits@~2.0.4
177 silly packumentCache full:https://registry.npmjs.org/inherits cache-miss
178 silly fetch manifest setprototypeof@~1.2.0
179 silly packumentCache full:https://registry.npmjs.org/setprototypeof cache-miss
180 silly fetch manifest statuses@~2.0.2
181 silly packumentCache full:https://registry.npmjs.org/statuses cache-hit
182 silly fetch manifest toidentifier@~1.0.1
183 silly packumentCache full:https://registry.npmjs.org/toidentifier cache-miss
184 silly fetch manifest safer-buffer@>= 2.1.2 < 3.0.0
185 silly packumentCache full:https://registry.npmjs.org/safer-buffer cache-miss
186 silly fetch manifest ee-first@1.1.1
187 silly packumentCache full:https://registry.npmjs.org/ee-first cache-miss
188 silly fetch manifest side-channel@^1.1.1
189 silly packumentCache full:https://registry.npmjs.org/side-channel cache-miss
190 http fetch GET 200 https://registry.npmjs.org/setprototypeof 126ms (cache revalidated)
191 silly packumentCache full:https://registry.npmjs.org/setprototypeof set size:14532 disposed:false
192 silly fetch manifest es-define-property@^1.0.1
193 silly packumentCache full:https://registry.npmjs.org/es-define-property cache-miss
194 http fetch GET 200 https://registry.npmjs.org/safer-buffer 127ms (cache revalidated)
195 silly packumentCache full:https://registry.npmjs.org/safer-buffer set size:18521 disposed:false
196 silly fetch manifest unpipe@~1.0.0
197 silly packumentCache full:https://registry.npmjs.org/unpipe cache-miss
198 http fetch GET 200 https://registry.npmjs.org/toidentifier 135ms (cache revalidated)
199 silly packumentCache full:https://registry.npmjs.org/toidentifier set size:12006 disposed:false
200 silly fetch manifest media-typer@^1.1.0
201 silly packumentCache full:https://registry.npmjs.org/media-typer cache-miss
202 http fetch GET 200 https://registry.npmjs.org/side-channel 145ms (cache revalidated)
203 silly packumentCache full:https://registry.npmjs.org/side-channel set size:27650 disposed:false
204 http fetch GET 200 https://registry.npmjs.org/inherits 166ms (cache revalidated)
205 silly packumentCache full:https://registry.npmjs.org/inherits set size:12925 disposed:false
206 http fetch GET 200 https://registry.npmjs.org/ms 173ms (cache revalidated)
207 silly packumentCache full:https://registry.npmjs.org/ms set size:92208 disposed:false
208 http fetch GET 200 https://registry.npmjs.org/ee-first 201ms (cache revalidated)
209 silly packumentCache full:https://registry.npmjs.org/ee-first set size:15327 disposed:false
210 http fetch GET 200 https://registry.npmjs.org/es-define-property 132ms (cache revalidated)
211 silly packumentCache full:https://registry.npmjs.org/es-define-property set size:8542 disposed:false
212 http fetch GET 200 https://registry.npmjs.org/media-typer 127ms (cache revalidated)
213 silly packumentCache full:https://registry.npmjs.org/media-typer set size:22074 disposed:false
214 http fetch GET 200 https://registry.npmjs.org/unpipe 147ms (cache revalidated)
215 silly packumentCache full:https://registry.npmjs.org/unpipe set size:3609 disposed:false
216 silly placeDep ROOT ms@2.1.3 OK for: debug@4.4.3 want: ^2.1.3
217 silly placeDep ROOT accepts@2.0.0 OK for: express@5.2.1 want: ^2.0.0
218 silly placeDep ROOT content-disposition@1.1.0 OK for: express@5.2.1 want: ^1.0.0
219 silly placeDep node_modules/express content-type@1.0.5 OK for: express@5.2.1 want: ^1.0.5
220 silly placeDep ROOT cookie@0.7.2 OK for: express@5.2.1 want: ^0.7.1
221 silly placeDep ROOT cookie-signature@1.2.2 OK for: express@5.2.1 want: ^1.2.1
222 silly placeDep ROOT depd@2.0.0 OK for: express@5.2.1 want: ^2.0.0
223 silly placeDep ROOT encodeurl@2.0.0 OK for: express@5.2.1 want: ^2.0.0
224 silly placeDep ROOT escape-html@1.0.3 OK for: express@5.2.1 want: ^1.0.3
225 silly placeDep ROOT etag@1.8.1 OK for: express@5.2.1 want: ^1.8.1
226 silly placeDep ROOT finalhandler@2.1.1 OK for: express@5.2.1 want: ^2.1.0
227 silly placeDep ROOT fresh@2.0.0 OK for: express@5.2.1 want: ^2.0.0
228 silly placeDep ROOT merge-descriptors@2.0.0 OK for: express@5.2.1 want: ^2.0.0
229 silly placeDep ROOT mime-types@3.0.2 OK for: express@5.2.1 want: ^3.0.0
230 silly placeDep ROOT once@1.4.0 OK for: express@5.2.1 want: ^1.4.0
231 silly placeDep ROOT parseurl@1.3.3 OK for: express@5.2.1 want: ^1.3.3
232 silly placeDep ROOT proxy-addr@2.0.8 OK for: express@5.2.1 want: ^2.0.7
233 silly placeDep ROOT range-parser@1.3.0 OK for: express@5.2.1 want: ^1.2.1
234 silly placeDep ROOT router@2.2.0 OK for: express@5.2.1 want: ^2.2.0
235 silly placeDep ROOT send@1.2.1 OK for: express@5.2.1 want: ^1.1.0
236 silly placeDep ROOT serve-static@2.2.1 OK for: express@5.2.1 want: ^2.2.0
237 silly placeDep ROOT statuses@2.0.2 OK for: express@5.2.1 want: ^2.0.1
238 silly placeDep ROOT vary@1.1.2 OK for: express@5.2.1 want: ^1.1.2
239 silly fetch manifest negotiator@^1.0.0
240 silly packumentCache full:https://registry.npmjs.org/negotiator cache-miss
241 silly fetch manifest mime-db@^1.54.0
242 silly packumentCache full:https://registry.npmjs.org/mime-db cache-miss
243 silly fetch manifest wrappy@1
244 silly packumentCache full:https://registry.npmjs.org/wrappy cache-miss
245 silly fetch manifest forwarded@0.2.0
246 silly packumentCache full:https://registry.npmjs.org/forwarded cache-miss
247 silly fetch manifest ipaddr.js@1.9.1
248 silly packumentCache full:https://registry.npmjs.org/ipaddr.js cache-miss
249 silly fetch manifest is-promise@^4.0.0
250 silly packumentCache full:https://registry.npmjs.org/is-promise cache-miss
251 silly fetch manifest path-to-regexp@^8.0.0
252 silly packumentCache full:https://registry.npmjs.org/path-to-regexp cache-miss
253 http fetch GET 200 https://registry.npmjs.org/forwarded 119ms (cache revalidated)
254 silly packumentCache full:https://registry.npmjs.org/forwarded set size:11229 disposed:false
255 silly fetch manifest statuses@^2.0.2
256 silly packumentCache full:https://registry.npmjs.org/statuses cache-hit
257 http fetch GET 200 https://registry.npmjs.org/wrappy 128ms (cache revalidated)
258 silly packumentCache full:https://registry.npmjs.org/wrappy set size:7682 disposed:false
259 http fetch GET 200 https://registry.npmjs.org/negotiator 146ms (cache revalidated)
260 silly packumentCache full:https://registry.npmjs.org/negotiator set size:56148 disposed:false
261 http fetch GET 200 https://registry.npmjs.org/is-promise 143ms (cache revalidated)
262 silly packumentCache full:https://registry.npmjs.org/is-promise set size:18599 disposed:false
263 http fetch GET 200 https://registry.npmjs.org/ipaddr.js 148ms (cache revalidated)
264 silly packumentCache full:https://registry.npmjs.org/ipaddr.js set size:84329 disposed:false
265 http fetch GET 200 https://registry.npmjs.org/path-to-regexp 152ms (cache revalidated)
266 silly packumentCache full:https://registry.npmjs.org/path-to-regexp set size:216334 disposed:false
267 http fetch GET 200 https://registry.npmjs.org/mime-db 187ms (cache revalidated)
268 silly packumentCache full:https://registry.npmjs.org/mime-db set size:164953 disposed:false
269 silly placeDep ROOT negotiator@1.1.0 OK for: accepts@2.0.0 want: ^1.0.0
270 silly placeDep ROOT inherits@2.0.4 OK for: http-errors@2.0.1 want: ~2.0.4
271 silly placeDep ROOT setprototypeof@1.2.0 OK for: http-errors@2.0.1 want: ~1.2.0
272 silly placeDep ROOT toidentifier@1.0.1 OK for: http-errors@2.0.1 want: ~1.0.1
273 silly placeDep ROOT safer-buffer@2.1.2 OK for: iconv-lite@0.7.3 want: >= 2.1.2 < 3.0.0
274 silly placeDep ROOT mime-db@1.54.0 OK for: mime-types@3.0.2 want: ^1.54.0
275 silly placeDep ROOT ee-first@1.1.1 OK for: on-finished@2.4.1 want: 1.1.1
276 silly placeDep ROOT wrappy@1.0.2 OK for: once@1.4.0 want: 1
277 silly placeDep ROOT forwarded@0.2.0 OK for: proxy-addr@2.0.8 want: 0.2.0
278 silly placeDep ROOT ipaddr.js@1.9.1 OK for: proxy-addr@2.0.8 want: 1.9.1
279 silly placeDep ROOT es-define-property@1.0.1 OK for: qs@6.16.0 want: ^1.0.1
280 silly placeDep ROOT side-channel@1.1.1 OK for: qs@6.16.0 want: ^1.1.1
281 silly fetch manifest es-errors@^1.3.0
282 silly packumentCache full:https://registry.npmjs.org/es-errors cache-miss
283 silly fetch manifest object-inspect@^1.13.4
284 silly packumentCache full:https://registry.npmjs.org/object-inspect cache-miss
285 silly fetch manifest side-channel-list@^1.0.1
286 silly packumentCache full:https://registry.npmjs.org/side-channel-list cache-miss
287 silly fetch manifest side-channel-map@^1.0.1
288 silly packumentCache full:https://registry.npmjs.org/side-channel-map cache-miss
289 silly fetch manifest side-channel-weakmap@^1.0.2
290 silly packumentCache full:https://registry.npmjs.org/side-channel-weakmap cache-miss
291 http fetch GET 200 https://registry.npmjs.org/side-channel-list 99ms (cache revalidated)
292 silly packumentCache full:https://registry.npmjs.org/side-channel-list set size:9021 disposed:false
293 http fetch GET 200 https://registry.npmjs.org/side-channel-map 102ms (cache revalidated)
294 silly packumentCache full:https://registry.npmjs.org/side-channel-map set size:9126 disposed:false
295 http fetch GET 200 https://registry.npmjs.org/object-inspect 107ms (cache revalidated)
296 silly packumentCache full:https://registry.npmjs.org/object-inspect set size:101927 disposed:false
297 http fetch GET 200 https://registry.npmjs.org/side-channel-weakmap 114ms (cache revalidated)
298 silly packumentCache full:https://registry.npmjs.org/side-channel-weakmap set size:12620 disposed:false
299 http fetch GET 200 https://registry.npmjs.org/es-errors 202ms (cache revalidated)
300 silly packumentCache full:https://registry.npmjs.org/es-errors set size:16918 disposed:false
301 silly placeDep ROOT unpipe@1.0.0 OK for: raw-body@3.0.2 want: ~1.0.0
302 silly placeDep ROOT is-promise@4.0.0 OK for: router@2.2.0 want: ^4.0.0
303 silly placeDep ROOT path-to-regexp@8.4.2 OK for: router@2.2.0 want: ^8.0.0
304 silly placeDep ROOT es-errors@1.3.0 OK for: side-channel@1.1.1 want: ^1.3.0
305 silly placeDep ROOT object-inspect@1.13.4 OK for: side-channel@1.1.1 want: ^1.13.4
306 silly placeDep ROOT side-channel-list@1.0.1 OK for: side-channel@1.1.1 want: ^1.0.1
307 silly placeDep ROOT side-channel-map@1.0.1 OK for: side-channel@1.1.1 want: ^1.0.1
308 silly placeDep ROOT side-channel-weakmap@1.0.2 OK for: side-channel@1.1.1 want: ^1.0.2
309 silly fetch manifest call-bound@^1.0.2
310 silly packumentCache full:https://registry.npmjs.org/call-bound cache-miss
311 silly fetch manifest get-intrinsic@^1.2.5
312 silly packumentCache full:https://registry.npmjs.org/get-intrinsic cache-miss
313 silly fetch manifest call-bound@^1.0.2
314 silly packumentCache full:https://registry.npmjs.org/call-bound cache-miss
315 silly fetch manifest get-intrinsic@^1.2.5
316 silly packumentCache full:https://registry.npmjs.org/get-intrinsic cache-miss
317 http fetch GET 200 https://registry.npmjs.org/get-intrinsic 104ms (cache revalidated)
318 silly packumentCache full:https://registry.npmjs.org/get-intrinsic set size:60985 disposed:false
319 http fetch GET 200 https://registry.npmjs.org/get-intrinsic 112ms (cache revalidated)
320 silly packumentCache full:https://registry.npmjs.org/get-intrinsic set size:60985 disposed:false
321 silly packumentCache full:https://registry.npmjs.org/get-intrinsic dispose
322 http fetch GET 200 https://registry.npmjs.org/call-bound 133ms (cache revalidated)
323 silly packumentCache full:https://registry.npmjs.org/call-bound set size:15317 disposed:false
324 http fetch GET 200 https://registry.npmjs.org/call-bound 136ms (cache revalidated)
325 silly packumentCache full:https://registry.npmjs.org/call-bound set size:15317 disposed:false
326 silly packumentCache full:https://registry.npmjs.org/call-bound dispose
327 silly placeDep ROOT call-bound@1.0.4 OK for: side-channel-map@1.0.1 want: ^1.0.2
328 silly placeDep ROOT get-intrinsic@1.3.0 OK for: side-channel-map@1.0.1 want: ^1.2.5
329 silly fetch manifest call-bind-apply-helpers@^1.0.2
330 silly packumentCache full:https://registry.npmjs.org/call-bind-apply-helpers cache-miss
331 silly fetch manifest get-intrinsic@^1.3.0
332 silly packumentCache full:https://registry.npmjs.org/get-intrinsic cache-hit
333 silly fetch manifest gopd@^1.2.0
334 silly packumentCache full:https://registry.npmjs.org/gopd cache-miss
335 silly fetch manifest hasown@^2.0.2
336 silly packumentCache full:https://registry.npmjs.org/hasown cache-miss
337 silly fetch manifest get-proto@^1.0.1
338 silly packumentCache full:https://registry.npmjs.org/get-proto cache-miss
339 silly fetch manifest has-symbols@^1.1.0
340 silly packumentCache full:https://registry.npmjs.org/has-symbols cache-miss
341 silly fetch manifest function-bind@^1.1.2
342 silly packumentCache full:https://registry.npmjs.org/function-bind cache-miss
343 silly fetch manifest es-object-atoms@^1.1.1
344 silly packumentCache full:https://registry.npmjs.org/es-object-atoms cache-miss
345 http fetch GET 200 https://registry.npmjs.org/has-symbols 104ms (cache revalidated)
346 silly packumentCache full:https://registry.npmjs.org/has-symbols set size:21550 disposed:false
347 silly fetch manifest math-intrinsics@^1.1.0
348 silly packumentCache full:https://registry.npmjs.org/math-intrinsics cache-miss
349 http fetch GET 200 https://registry.npmjs.org/gopd 122ms (cache revalidated)
350 silly packumentCache full:https://registry.npmjs.org/gopd set size:11483 disposed:false
351 silly fetch manifest call-bind-apply-helpers@^1.0.2
352 silly packumentCache full:https://registry.npmjs.org/call-bind-apply-helpers cache-miss
353 http fetch GET 200 https://registry.npmjs.org/get-proto 125ms (cache revalidated)
354 silly packumentCache full:https://registry.npmjs.org/get-proto set size:8300 disposed:false
355 http fetch GET 200 https://registry.npmjs.org/hasown 135ms (cache revalidated)
356 silly packumentCache full:https://registry.npmjs.org/hasown set size:18361 disposed:false
357 http fetch GET 200 https://registry.npmjs.org/function-bind 136ms (cache revalidated)
358 silly packumentCache full:https://registry.npmjs.org/function-bind set size:15733 disposed:false
359 http fetch GET 200 https://registry.npmjs.org/es-object-atoms 138ms (cache revalidated)
360 silly packumentCache full:https://registry.npmjs.org/es-object-atoms set size:18278 disposed:false
361 http fetch GET 200 https://registry.npmjs.org/call-bind-apply-helpers 157ms (cache revalidated)
362 silly packumentCache full:https://registry.npmjs.org/call-bind-apply-helpers set size:12744 disposed:false
363 http fetch GET 200 https://registry.npmjs.org/math-intrinsics 119ms (cache revalidated)
364 silly packumentCache full:https://registry.npmjs.org/math-intrinsics set size:9265 disposed:false
365 http fetch GET 200 https://registry.npmjs.org/call-bind-apply-helpers 113ms (cache revalidated)
366 silly packumentCache full:https://registry.npmjs.org/call-bind-apply-helpers set size:12744 disposed:false
367 silly packumentCache full:https://registry.npmjs.org/call-bind-apply-helpers dispose
368 silly placeDep ROOT call-bind-apply-helpers@1.0.2 OK for: call-bound@1.0.4 want: ^1.0.2
369 silly placeDep ROOT function-bind@1.1.2 OK for: call-bind-apply-helpers@1.0.2 want: ^1.1.2
370 silly placeDep ROOT es-object-atoms@1.1.2 OK for: get-intrinsic@1.3.0 want: ^1.1.1
371 silly placeDep ROOT get-proto@1.0.1 OK for: get-intrinsic@1.3.0 want: ^1.0.1
372 silly placeDep ROOT gopd@1.2.0 OK for: get-intrinsic@1.3.0 want: ^1.2.0
373 silly placeDep ROOT has-symbols@1.1.0 OK for: get-intrinsic@1.3.0 want: ^1.1.0
374 silly placeDep ROOT hasown@2.0.4 OK for: get-intrinsic@1.3.0 want: ^2.0.2
375 silly placeDep ROOT math-intrinsics@1.1.0 OK for: get-intrinsic@1.3.0 want: ^1.1.0
376 silly fetch manifest dunder-proto@^1.0.1
377 silly packumentCache full:https://registry.npmjs.org/dunder-proto cache-miss
378 http fetch GET 200 https://registry.npmjs.org/dunder-proto 112ms (cache revalidated)
379 silly packumentCache full:https://registry.npmjs.org/dunder-proto set size:8256 disposed:false
380 silly placeDep ROOT dunder-proto@1.0.1 OK for: get-proto@1.0.1 want: ^1.0.1
381 silly placeDep ROOT media-typer@1.1.1 OK for: type-is@2.1.0 want: ^1.1.0
382 silly reify moves {}
383 silly audit bulk request {
383 silly audit   'body-parser': [ '2.3.0' ],
383 silly audit   ejs: [ '7.0.1' ],
383 silly audit   express: [ '5.2.1' ],
383 silly audit   bytes: [ '3.1.2' ],
383 silly audit   'content-type': [ '2.1.0', '1.0.5' ],
383 silly audit   debug: [ '4.4.3' ],
383 silly audit   'http-errors': [ '2.0.1' ],
383 silly audit   'iconv-lite': [ '0.7.3' ],
383 silly audit   'on-finished': [ '2.4.1' ],
383 silly audit   qs: [ '6.16.0' ],
383 silly audit   'raw-body': [ '3.0.2' ],
383 silly audit   'type-is': [ '2.1.0' ],
383 silly audit   ms: [ '2.1.3' ],
383 silly audit   accepts: [ '2.0.0' ],
383 silly audit   'content-disposition': [ '1.1.0' ],
383 silly audit   cookie: [ '0.7.2' ],
383 silly audit   'cookie-signature': [ '1.2.2' ],
383 silly audit   depd: [ '2.0.0' ],
383 silly audit   encodeurl: [ '2.0.0' ],
383 silly audit   'escape-html': [ '1.0.3' ],
383 silly audit   etag: [ '1.8.1' ],
383 silly audit   finalhandler: [ '2.1.1' ],
383 silly audit   fresh: [ '2.0.0' ],
383 silly audit   'merge-descriptors': [ '2.0.0' ],
383 silly audit   'mime-types': [ '3.0.2' ],
383 silly audit   once: [ '1.4.0' ],
383 silly audit   parseurl: [ '1.3.3' ],
383 silly audit   'proxy-addr': [ '2.0.8' ],
383 silly audit   'range-parser': [ '1.3.0' ],
383 silly audit   router: [ '2.2.0' ],
383 silly audit   send: [ '1.2.1' ],
383 silly audit   'serve-static': [ '2.2.1' ],
383 silly audit   statuses: [ '2.0.2' ],
383 silly audit   vary: [ '1.1.2' ],
383 silly audit   negotiator: [ '1.1.0' ],
383 silly audit   inherits: [ '2.0.4' ],
383 silly audit   setprototypeof: [ '1.2.0' ],
383 silly audit   toidentifier: [ '1.0.1' ],
383 silly audit   'safer-buffer': [ '2.1.2' ],
383 silly audit   'mime-db': [ '1.54.0' ],
383 silly audit   'ee-first': [ '1.1.1' ],
383 silly audit   wrappy: [ '1.0.2' ],
383 silly audit   forwarded: [ '0.2.0' ],
383 silly audit   'ipaddr.js': [ '1.9.1' ],
383 silly audit   'es-define-property': [ '1.0.1' ],
383 silly audit   'side-channel': [ '1.1.1' ],
383 silly audit   unpipe: [ '1.0.0' ],
383 silly audit   'is-promise': [ '4.0.0' ],
383 silly audit   'path-to-regexp': [ '8.4.2' ],
383 silly audit   'es-errors': [ '1.3.0' ],
383 silly audit   'object-inspect': [ '1.13.4' ],
383 silly audit   'side-channel-list': [ '1.0.1' ],
383 silly audit   'side-channel-map': [ '1.0.1' ],
383 silly audit   'side-channel-weakmap': [ '1.0.2' ],
383 silly audit   'call-bound': [ '1.0.4' ],
383 silly audit   'get-intrinsic': [ '1.3.0' ],
383 silly audit   'call-bind-apply-helpers': [ '1.0.2' ],
383 silly audit   'function-bind': [ '1.1.2' ],
383 silly audit   'es-object-atoms': [ '1.1.2' ],
383 silly audit   'get-proto': [ '1.0.1' ],
383 silly audit   gopd: [ '1.2.0' ],
383 silly audit   'has-symbols': [ '1.1.0' ],
383 silly audit   hasown: [ '2.0.4' ],
383 silly audit   'math-intrinsics': [ '1.1.0' ],
383 silly audit   'dunder-proto': [ '1.0.1' ],
383 silly audit   'media-typer': [ '1.1.1' ]
383 silly audit }
384 http cache media-typer@https://registry.npmjs.org/media-typer/-/media-typer-1.1.1.tgz 0ms (cache hit)
385 http cache dunder-proto@https://registry.npmjs.org/dunder-proto/-/dunder-proto-1.0.1.tgz 0ms (cache hit)
386 http cache math-intrinsics@https://registry.npmjs.org/math-intrinsics/-/math-intrinsics-1.1.0.tgz 0ms (cache hit)
387 http cache hasown@https://registry.npmjs.org/hasown/-/hasown-2.0.4.tgz 0ms (cache hit)
388 http cache has-symbols@https://registry.npmjs.org/has-symbols/-/has-symbols-1.1.0.tgz 0ms (cache hit)
389 http cache get-proto@https://registry.npmjs.org/get-proto/-/get-proto-1.0.1.tgz 0ms (cache hit)
390 http cache gopd@https://registry.npmjs.org/gopd/-/gopd-1.2.0.tgz 0ms (cache hit)
391 http cache es-object-atoms@https://registry.npmjs.org/es-object-atoms/-/es-object-atoms-1.1.2.tgz 0ms (cache hit)
392 http cache call-bind-apply-helpers@https://registry.npmjs.org/call-bind-apply-helpers/-/call-bind-apply-helpers-1.0.2.tgz 0ms (cache hit)
393 http cache get-intrinsic@https://registry.npmjs.org/get-intrinsic/-/get-intrinsic-1.3.0.tgz 0ms (cache hit)
394 http cache function-bind@https://registry.npmjs.org/function-bind/-/function-bind-1.1.2.tgz 0ms (cache hit)
395 http cache call-bound@https://registry.npmjs.org/call-bound/-/call-bound-1.0.4.tgz 0ms (cache hit)
396 http cache side-channel-map@https://registry.npmjs.org/side-channel-map/-/side-channel-map-1.0.1.tgz 0ms (cache hit)
397 http cache side-channel-weakmap@https://registry.npmjs.org/side-channel-weakmap/-/side-channel-weakmap-1.0.2.tgz 0ms (cache hit)
398 http cache side-channel-list@https://registry.npmjs.org/side-channel-list/-/side-channel-list-1.0.1.tgz 0ms (cache hit)
399 http cache es-errors@https://registry.npmjs.org/es-errors/-/es-errors-1.3.0.tgz 0ms (cache hit)
400 http cache path-to-regexp@https://registry.npmjs.org/path-to-regexp/-/path-to-regexp-8.4.2.tgz 0ms (cache hit)
401 http cache object-inspect@https://registry.npmjs.org/object-inspect/-/object-inspect-1.13.4.tgz 0ms (cache hit)
402 http cache unpipe@https://registry.npmjs.org/unpipe/-/unpipe-1.0.0.tgz 0ms (cache hit)
403 http cache side-channel@https://registry.npmjs.org/side-channel/-/side-channel-1.1.1.tgz 0ms (cache hit)
404 http cache es-define-property@https://registry.npmjs.org/es-define-property/-/es-define-property-1.0.1.tgz 0ms (cache hit)
405 http cache is-promise@https://registry.npmjs.org/is-promise/-/is-promise-4.0.0.tgz 0ms (cache hit)
406 http cache ipaddr.js@https://registry.npmjs.org/ipaddr.js/-/ipaddr.js-1.9.1.tgz 0ms (cache hit)
407 http cache wrappy@https://registry.npmjs.org/wrappy/-/wrappy-1.0.2.tgz 0ms (cache hit)
408 http cache ee-first@https://registry.npmjs.org/ee-first/-/ee-first-1.1.1.tgz 0ms (cache hit)
409 http cache forwarded@https://registry.npmjs.org/forwarded/-/forwarded-0.2.0.tgz 0ms (cache hit)
410 http cache mime-db@https://registry.npmjs.org/mime-db/-/mime-db-1.54.0.tgz 0ms (cache hit)
411 http cache toidentifier@https://registry.npmjs.org/toidentifier/-/toidentifier-1.0.1.tgz 0ms (cache hit)
412 http cache safer-buffer@https://registry.npmjs.org/safer-buffer/-/safer-buffer-2.1.2.tgz 0ms (cache hit)
413 http cache setprototypeof@https://registry.npmjs.org/setprototypeof/-/setprototypeof-1.2.0.tgz 0ms (cache hit)
414 http cache negotiator@https://registry.npmjs.org/negotiator/-/negotiator-1.1.0.tgz 0ms (cache hit)
415 http cache vary@https://registry.npmjs.org/vary/-/vary-1.1.2.tgz 0ms (cache hit)
416 http cache inherits@https://registry.npmjs.org/inherits/-/inherits-2.0.4.tgz 0ms (cache hit)
417 http cache statuses@https://registry.npmjs.org/statuses/-/statuses-2.0.2.tgz 0ms (cache hit)
418 http cache send@https://registry.npmjs.org/send/-/send-1.2.1.tgz 0ms (cache hit)
419 http cache router@https://registry.npmjs.org/router/-/router-2.2.0.tgz 0ms (cache hit)
420 http cache serve-static@https://registry.npmjs.org/serve-static/-/serve-static-2.2.1.tgz 0ms (cache hit)
421 http cache range-parser@https://registry.npmjs.org/range-parser/-/range-parser-1.3.0.tgz 0ms (cache hit)
422 http cache parseurl@https://registry.npmjs.org/parseurl/-/parseurl-1.3.3.tgz 0ms (cache hit)
423 http cache once@https://registry.npmjs.org/once/-/once-1.4.0.tgz 0ms (cache hit)
424 http cache proxy-addr@https://registry.npmjs.org/proxy-addr/-/proxy-addr-2.0.8.tgz 0ms (cache hit)
425 http cache mime-types@https://registry.npmjs.org/mime-types/-/mime-types-3.0.2.tgz 0ms (cache hit)
426 http cache fresh@https://registry.npmjs.org/fresh/-/fresh-2.0.0.tgz 0ms (cache hit)
427 http cache merge-descriptors@https://registry.npmjs.org/merge-descriptors/-/merge-descriptors-2.0.0.tgz 0ms (cache hit)
428 http cache finalhandler@https://registry.npmjs.org/finalhandler/-/finalhandler-2.1.1.tgz 0ms (cache hit)
429 http cache encodeurl@https://registry.npmjs.org/encodeurl/-/encodeurl-2.0.0.tgz 0ms (cache hit)
430 http cache escape-html@https://registry.npmjs.org/escape-html/-/escape-html-1.0.3.tgz 0ms (cache hit)
431 http cache etag@https://registry.npmjs.org/etag/-/etag-1.8.1.tgz 0ms (cache hit)
432 http cache depd@https://registry.npmjs.org/depd/-/depd-2.0.0.tgz 0ms (cache hit)
433 http cache cookie@https://registry.npmjs.org/cookie/-/cookie-0.7.2.tgz 0ms (cache hit)
434 http cache content-disposition@https://registry.npmjs.org/content-disposition/-/content-disposition-1.1.0.tgz 1ms (cache hit)
435 http cache cookie-signature@https://registry.npmjs.org/cookie-signature/-/cookie-signature-1.2.2.tgz 1ms (cache hit)
436 http cache accepts@https://registry.npmjs.org/accepts/-/accepts-2.0.0.tgz 0ms (cache hit)
437 http cache type-is@https://registry.npmjs.org/type-is/-/type-is-2.1.0.tgz 0ms (cache hit)
438 http cache raw-body@https://registry.npmjs.org/raw-body/-/raw-body-3.0.2.tgz 0ms (cache hit)
439 http cache ms@https://registry.npmjs.org/ms/-/ms-2.1.3.tgz 0ms (cache hit)
440 http cache qs@https://registry.npmjs.org/qs/-/qs-6.16.0.tgz 0ms (cache hit)
441 http cache iconv-lite@https://registry.npmjs.org/iconv-lite/-/iconv-lite-0.7.3.tgz 0ms (cache hit)
442 http cache http-errors@https://registry.npmjs.org/http-errors/-/http-errors-2.0.1.tgz 0ms (cache hit)
443 http cache on-finished@https://registry.npmjs.org/on-finished/-/on-finished-2.4.1.tgz 0ms (cache hit)
444 http cache debug@https://registry.npmjs.org/debug/-/debug-4.4.3.tgz 0ms (cache hit)
445 http cache bytes@https://registry.npmjs.org/bytes/-/bytes-3.1.2.tgz 1ms (cache hit)
446 http cache express@https://registry.npmjs.org/express/-/express-5.2.1.tgz 0ms (cache hit)
447 http cache content-type@https://registry.npmjs.org/content-type/-/content-type-2.1.0.tgz 0ms (cache hit)
448 http cache ejs@https://registry.npmjs.org/ejs/-/ejs-7.0.1.tgz 0ms (cache hit)
449 http cache body-parser@https://registry.npmjs.org/body-parser/-/body-parser-2.3.0.tgz 0ms (cache hit)
450 http cache content-type@https://registry.npmjs.org/content-type/-/content-type-1.0.5.tgz 0ms (cache hit)
451 silly tarball no local data for ejs@https://registry.npmjs.org/ejs/-/ejs-7.0.1.tgz. Extracting by manifest.
452 http fetch POST 200 https://registry.npmjs.org/-/npm/v1/security/advisories/bulk 521ms
453 silly audit report {}
454 http fetch GET 200 https://registry.npmjs.org/ejs/-/ejs-7.0.1.tgz 602ms (cache miss)
455 silly ADD node_modules/media-typer
456 silly ADD node_modules/dunder-proto
457 silly ADD node_modules/math-intrinsics
458 silly ADD node_modules/hasown
459 silly ADD node_modules/has-symbols
460 silly ADD node_modules/gopd
461 silly ADD node_modules/get-proto
462 silly ADD node_modules/es-object-atoms
463 silly ADD node_modules/function-bind
464 silly ADD node_modules/call-bind-apply-helpers
465 silly ADD node_modules/get-intrinsic
466 silly ADD node_modules/call-bound
467 silly ADD node_modules/side-channel-weakmap
468 silly ADD node_modules/side-channel-map
469 silly ADD node_modules/side-channel-list
470 silly ADD node_modules/object-inspect
471 silly ADD node_modules/es-errors
472 silly ADD node_modules/path-to-regexp
473 silly ADD node_modules/is-promise
474 silly ADD node_modules/unpipe
475 silly ADD node_modules/side-channel
476 silly ADD node_modules/es-define-property
477 silly ADD node_modules/ipaddr.js
478 silly ADD node_modules/forwarded
479 silly ADD node_modules/wrappy
480 silly ADD node_modules/ee-first
481 silly ADD node_modules/mime-db
482 silly ADD node_modules/safer-buffer
483 silly ADD node_modules/toidentifier
484 silly ADD node_modules/setprototypeof
485 silly ADD node_modules/inherits
486 silly ADD node_modules/negotiator
487 silly ADD node_modules/vary
488 silly ADD node_modules/statuses
489 silly ADD node_modules/serve-static
490 silly ADD node_modules/send
491 silly ADD node_modules/router
492 silly ADD node_modules/range-parser
493 silly ADD node_modules/proxy-addr
494 silly ADD node_modules/parseurl
495 silly ADD node_modules/once
496 silly ADD node_modules/mime-types
497 silly ADD node_modules/merge-descriptors
498 silly ADD node_modules/fresh
499 silly ADD node_modules/finalhandler
500 silly ADD node_modules/etag
501 silly ADD node_modules/escape-html
502 silly ADD node_modules/encodeurl
503 silly ADD node_modules/depd
504 silly ADD node_modules/cookie-signature
505 silly ADD node_modules/cookie
506 silly ADD node_modules/content-disposition
507 silly ADD node_modules/accepts
508 silly ADD node_modules/ms
509 silly ADD node_modules/type-is
510 silly ADD node_modules/raw-body
511 silly ADD node_modules/qs
512 silly ADD node_modules/on-finished
513 silly ADD node_modules/iconv-lite
514 silly ADD node_modules/http-errors
515 silly ADD node_modules/debug
516 silly ADD node_modules/content-type
517 silly ADD node_modules/bytes
518 silly ADD node_modules/express
519 silly ADD node_modules/express/node_modules/content-type
520 silly ADD node_modules/ejs
521 silly ADD node_modules/body-parser
522 verbose cwd /data/data/com.termux/files/home/kensho-mart
523 verbose os Linux 6.12.38-android16-5-gb575a0b6e647-ab14355190-4k
524 verbose node v26.4.0
525 verbose npm  v11.20.0
526 verbose exit 0
527 info ok
